******************************************************************************
            TI ARM Clang Linker PC v3.2.2                      
******************************************************************************
>> Linked Wed Jul 31 23:43:38 2024

OUTPUT FILE NAME:   <original.out>
ENTRY POINT SYMBOL: "_c_int00_noargs"  address: 00005841


MEMORY CONFIGURATION

         name            origin    length      used     unused   attr    fill
----------------------  --------  ---------  --------  --------  ----  --------
  FLASH                 00000000   00020000  00006b28  000194d8  R  X
  SRAM                  20200000   00008000  000005f1  00007a0f  RW X
  BCR_CONFIG            41c00000   00000080  00000000  00000080  R   
  BSL_CONFIG            41c00100   00000080  00000000  00000080  R   


SEGMENT ALLOCATION MAP

run origin  load origin   length   init length attrs members
----------  ----------- ---------- ----------- ----- -------
00000000    00000000    00006b28   00006b28    r-x
  00000000    00000000    000000c0   000000c0    r-- .intvecs
  000000c0    000000c0    00005f10   00005f10    r-x .text
  00005fd0    00005fd0    00000ae0   00000ae0    r-- .rodata
  00006ab0    00006ab0    00000078   00000078    r-- .cinit
20200000    20200000    000003f4   00000000    rw-
  20200000    20200000    0000021d   00000000    rw- .data
  20200220    20200220    000001d4   00000000    rw- .bss
20207e00    20207e00    00000200   00000000    rw-
  20207e00    20207e00    00000200   00000000    rw- .stack


SECTION ALLOCATION MAP

 output                                  attributes/
section   page    origin      length       input sections
--------  ----  ----------  ----------   ----------------
.intvecs   0    00000000    000000c0     
                  00000000    000000c0     startup_mspm0g350x_ticlang.o (.intvecs)

.text      0    000000c0    00005f10     
                  000000c0    00000c38     libc.a : _scanfi.c.obj (.text.__TI_scanfi)
                  00000cf8    00000a00            : _printfi.c.obj (.text:__TI_printfi)
                  000016f8    000004e0     empty.o (.text.main)
                  00001bd8    000003b8     libc.a : strtod.c.obj (.text.strtod)
                  00001f90    00000220            : _printfi.c.obj (.text._pconv_a)
                  000021b0    000001e4            : strtoll.c.obj (.text.strtoll)
                  00002394    000001dc            : _printfi.c.obj (.text._pconv_g)
                  00002570    000001d8     encoder.o (.text.GROUP1_IRQHandler)
                  00002748    000001c4     ti_msp_dl_config.o (.text.SYSCFG_DL_GPIO_init)
                  0000290c    00000192     libclang_rt.builtins.a : adddf3.S.obj (.text.adddf3_subdf3)
                  00002a9e    00000002                            : aeabi_div0.c.obj (.text.__aeabi_idiv0)
                  00002aa0    00000178     libc.a : strtoull.c.obj (.text.strtoull)
                  00002c18    0000016c     board.o (.text.parse_received_data)
                  00002d84    00000160     line.o (.text.read_lines)
                  00002ee4    00000158     libc.a : strtol.c.obj (.text.strtol)
                  0000303c    0000013c            : _printfi.c.obj (.text.fcvt)
                  00003178    0000012c     empty.o (.text.TIMA0_IRQHandler)
                  000032a4    00000128     libc.a : strtoul.c.obj (.text.strtoul)
                  000033cc    00000120            : _printfi.c.obj (.text._pconv_e)
                  000034ec    00000118     oled.o (.text.OLED_ShowChar)
                  00003604    0000010c     motor.o (.text.Set_PWM)
                  00003710    0000010c     libclang_rt.builtins.a : divdf3.S.obj (.text.__divdf3)
                  0000381c    000000fc     motor.o (.text.Velocity_A)
                  00003918    000000fc     motor.o (.text.Velocity_B)
                  00003a14    000000fa     oled.o (.text.OLED_Init)
                  00003b0e    00000002     libclang_rt.builtins.a : aeabi_div0.c.obj (.text.__aeabi_ldiv0)
                  00003b10    000000e8     driverlib.a : dl_timer.o (.text.DL_Timer_initTimerMode)
                  00003bf8    000000e4     libclang_rt.builtins.a : muldf3.S.obj (.text.__muldf3)
                  00003cdc    000000d8     libc.a : s_scalbn.c.obj (.text.scalbn)
                  00003db4    000000d8     libclang_rt.builtins.a : addsf3.S.obj (.text)
                  00003e8c    000000cc     board.o (.text.Check)
                  00003f58    000000cc     motor.o (.text.yaw2vel)
                  00004024    000000c4     driverlib.a : dl_timer.o (.text.DL_Timer_initPWMMode)
                  000040e8    000000c4     empty.o (.text.Get_Angle)
                  000041ac    000000b4     key.o (.text.Key_GetNum)
                  00004260    000000b0     board.o (.text.UART2_IRQHandler)
                  00004310    000000ac     board.o (.text.send_out)
                  000043bc    000000a2     libclang_rt.builtins.a : udivmoddi4.S.obj (.text)
                  0000445e    00000002     libc.a : _lock.c.obj (.text._nop)
                  00004460    00000094     line.o (.text.calculate_speed_difference)
                  000044f4    0000008c     libclang_rt.builtins.a : mulsf3.S.obj (.text.__mulsf3)
                  00004580    00000084     board.o (.text.UART0_IRQHandler)
                  00004604    00000080     driverlib.a : dl_timer.o (.text.DL_TimerA_initPWMMode)
                  00004684    00000080     ti_msp_dl_config.o (.text.SYSCFG_DL_PWM_0_init)
                  00004704    0000007c     ti_msp_dl_config.o (.text.SYSCFG_DL_initPower)
                  00004780    0000007c     oled.o (.text.Send_Byte)
                  000047fc    00000078     libc.a : copy_decompress_lzss.c.obj (.text:decompress:lzss)
                  00004874    0000000c     libclang_rt.builtins.a : aeabi_memset.S.obj (.text.__aeabi_memclr)
                  00004880    00000074                            : truncdfsf2.S.obj (.text.__truncdfsf2)
                  000048f4    00000074     libc.a : sscanf.c.obj (.text._chkmbc)
                  00004968    00000074     board.o (.text.delay_us)
                  000049dc    00000070     oled.o (.text.OLED_ShowString)
                  00004a4c    00000070     libclang_rt.builtins.a : comparedf2.c.obj (.text.__gedf2)
                  00004abc    0000006c                            : comparedf2.c.obj (.text.__ledf2)
                  00004b28    0000006a     oled.o (.text.OLED_Clear)
                  00004b92    00000002     --HOLE-- [fill = 0]
                  00004b94    00000068     empty.o (.text.Angle_Init)
                  00004bfc    00000066     libc.a : _printfi.c.obj (.text._mcpy)
                  00004c62    00000002     --HOLE-- [fill = 0]
                  00004c64    00000062     libclang_rt.builtins.a : aeabi_dcmp.S.obj (.text.__aeabi_dcmp)
                  00004cc6    00000002     --HOLE-- [fill = 0]
                  00004cc8    00000062                            : aeabi_fcmp.S.obj (.text.__aeabi_fcmp)
                  00004d2a    0000005e     board.o (.text.USART_Send)
                  00004d88    0000005c     libc.a : s_frexp.c.obj (.text.frexp)
                  00004de4    0000005c            : printf.c.obj (.text.printf)
                  00004e40    00000058            : _ltoa.c.obj (.text.__TI_ltoa)
                  00004e98    00000058            : _printfi.c.obj (.text._pconv_f)
                  00004ef0    00000056     libclang_rt.builtins.a : aeabi_idivmod.S.obj (.text.__aeabi_idivmod)
                  00004f46    00000002     --HOLE-- [fill = 0]
                  00004f48    00000054     empty.o (.text.screen_show)
                  00004f9c    00000052     libc.a : _printfi.c.obj (.text._ecpy)
                  00004fee    00000002     --HOLE-- [fill = 0]
                  00004ff0    00000050     board.o (.text.fputs)
                  00005040    0000004e     oled.o (.text.OLED_WR_Byte)
                  0000508e    00000002     --HOLE-- [fill = 0]
                  00005090    0000004c     ti_msp_dl_config.o (.text.DL_UART_setBaudRateDivisor)
                  000050dc    0000004c     key.o (.text.Key_Scan)
                  00005128    0000004a     libclang_rt.builtins.a : fixdfsi.S.obj (.text.__fixdfsi)
                  00005172    00000002     --HOLE-- [fill = 0]
                  00005174    00000048     driverlib.a : dl_uart.o (.text.DL_UART_init)
                  000051bc    00000048     ti_msp_dl_config.o (.text.SYSCFG_DL_UART_0_init)
                  00005204    00000048     ti_msp_dl_config.o (.text.SYSCFG_DL_UART_1_init)
                  0000524c    00000040     libclang_rt.builtins.a : aeabi_uidivmod.S.obj (.text.__aeabi_uidivmod)
                  0000528c    00000040                            : extendsfdf2.S.obj (.text.__extendsfdf2)
                  000052cc    00000040     libc.a : atoi.c.obj (.text.atoi)
                  0000530c    0000003c     oled.o (.text.I2C_Start)
                  00005348    0000003c     oled.o (.text.OLED_Set_Pos)
                  00005384    0000003c     libclang_rt.builtins.a : floatsisf.S.obj (.text.__floatsisf)
                  000053c0    0000003c                            : comparesf2.S.obj (.text.__gtsf2)
                  000053fc    0000003c     libc.a : autoinit.c.obj (.text:__TI_auto_init_nobinit_nopinit)
                  00005438    0000003a     libclang_rt.builtins.a : comparesf2.S.obj (.text.__eqsf2)
                  00005472    00000002     --HOLE-- [fill = 0]
                  00005474    0000003a                            : muldsi3.S.obj (.text.__muldsi3)
                  000054ae    00000002     --HOLE-- [fill = 0]
                  000054b0    00000038     ti_msp_dl_config.o (.text.SYSCFG_DL_init)
                  000054e8    00000038     libclang_rt.builtins.a : fixsfsi.S.obj (.text.__fixsfsi)
                  00005520    00000038     libc.a : sprintf.c.obj (.text.sprintf)
                  00005558    00000036     board.o (.text.USART_Send_bytes)
                  0000558e    00000002     --HOLE-- [fill = 0]
                  00005590    00000034     ti_msp_dl_config.o (.text.DL_GPIO_initDigitalInputFeatures)
                  000055c4    00000034     ti_msp_dl_config.o (.text.SYSCFG_DL_TIMER_0_init)
                  000055f8    00000030     ti_msp_dl_config.o (.text.DL_GPIO_initDigitalOutputFeatures)
                  00005628    00000030     oled.o (.text.I2C_Stop)
                  00005658    00000030     oled.o (.text.I2C_WaitAck)
                  00005688    00000030     libc.a : _printfi.c.obj (.text._fcpy)
                  000056b8    00000030            : sscanf.c.obj (.text.sscanf)
                  000056e8    0000002c     board.o (.text.USART_send_byte)
                  00005714    0000002c     empty.o (.text.__NVIC_ClearPendingIRQ)
                  00005740    0000002c     empty.o (.text.__NVIC_EnableIRQ)
                  0000576c    0000002c     libclang_rt.builtins.a : floatsidf.S.obj (.text.__floatsidf)
                  00005798    0000002c     board.o (.text.fputc)
                  000057c4    0000002c     board.o (.text.uart0_send_char)
                  000057f0    00000028     ti_msp_dl_config.o (.text.DL_Common_updateReg)
                  00005818    00000028     ti_msp_dl_config.o (.text.DL_SYSTICK_init)
                  00005840    00000028     libc.a : boot_cortex_m.c.obj (.text:_c_int00_noargs)
                  00005868    00000026     empty.o (.text.send_Instruction)
                  0000588e    00000002     --HOLE-- [fill = 0]
                  00005890    00000024     libclang_rt.builtins.a : muldi3.S.obj (.text.__muldi3)
                  000058b4    00000022     ti_msp_dl_config.o (.text.SYSCFG_DL_SYSCTL_init)
                  000058d6    00000022     libc.a : memccpy.c.obj (.text.memccpy)
                  000058f8    00000020     ti_msp_dl_config.o (.text.DL_GPIO_initPeripheralInputFunction)
                  00005918    00000020     driverlib.a : dl_uart.o (.text.DL_UART_transmitDataBlocking)
                  00005938    0000001e     ti_msp_dl_config.o (.text.DL_UART_setOversampling)
                  00005956    00000002     --HOLE-- [fill = 0]
                  00005958    0000001e     libclang_rt.builtins.a : ashldi3.S.obj (.text.__ashldi3)
                  00005976    00000002     --HOLE-- [fill = 0]
                  00005978    0000001c     encoder.o (.text.DL_GPIO_clearInterruptStatus)
                  00005994    0000001c     ti_msp_dl_config.o (.text.DL_GPIO_clearInterruptStatus)
                  000059b0    0000001c     ti_msp_dl_config.o (.text.DL_GPIO_enableInterrupt)
                  000059cc    0000001c     ti_msp_dl_config.o (.text.DL_GPIO_initDigitalInput)
                  000059e8    0000001c     ti_msp_dl_config.o (.text.DL_GPIO_initPeripheralOutputFunction)
                  00005a04    0000001c     ti_msp_dl_config.o (.text.DL_GPIO_setLowerPinsPolarity)
                  00005a20    0000001c     ti_msp_dl_config.o (.text.DL_SYSCTL_setSYSOSCFreq)
                  00005a3c    0000001c     ti_msp_dl_config.o (.text.DL_Timer_enableInterrupt)
                  00005a58    0000001c     driverlib.a : dl_timer.o (.text.DL_Timer_setCaptCompUpdateMethod)
                  00005a74    0000001c                 : dl_timer.o (.text.DL_Timer_setClockConfig)
                  00005a90    0000001c     ti_msp_dl_config.o (.text.DL_UART_enableInterrupt)
                  00005aac    00000018     ti_msp_dl_config.o (.text.DL_GPIO_enableOutput)
                  00005ac4    00000018     ti_msp_dl_config.o (.text.DL_GPIO_enablePower)
                  00005adc    00000018     encoder.o (.text.DL_GPIO_getEnabledInterruptStatus)
                  00005af4    00000018     ti_msp_dl_config.o (.text.DL_GPIO_initDigitalOutput)
                  00005b0c    00000018     ti_msp_dl_config.o (.text.DL_GPIO_reset)
                  00005b24    00000018     line.o (.text.DL_GPIO_setPins)
                  00005b3c    00000018     motor.o (.text.DL_GPIO_setPins)
                  00005b54    00000018     oled.o (.text.DL_GPIO_setPins)
                  00005b6c    00000018     ti_msp_dl_config.o (.text.DL_GPIO_setPins)
                  00005b84    00000018     ti_msp_dl_config.o (.text.DL_GPIO_setUpperPinsPolarity)
                  00005b9c    00000018     ti_msp_dl_config.o (.text.DL_SYSCTL_setBORThreshold)
                  00005bb4    00000018     ti_msp_dl_config.o (.text.DL_Timer_enablePower)
                  00005bcc    00000018     ti_msp_dl_config.o (.text.DL_Timer_reset)
                  00005be4    00000018     driverlib.a : dl_timer.o (.text.DL_Timer_setCaptureCompareOutCtl)
                  00005bfc    00000018     empty.o (.text.DL_Timer_startCounter)
                  00005c14    00000018     ti_msp_dl_config.o (.text.DL_UART_enablePower)
                  00005c2c    00000018     board.o (.text.DL_UART_isBusy)
                  00005c44    00000018     ti_msp_dl_config.o (.text.DL_UART_reset)
                  00005c5c    00000018     line.o (.text.Reset_Line)
                  00005c74    00000018     libc.a : sprintf.c.obj (.text._outs)
                  00005c8c    00000016     encoder.o (.text.DL_GPIO_readPins)
                  00005ca2    00000016     key.o (.text.DL_GPIO_readPins)
                  00005cb8    00000016     line.o (.text.DL_GPIO_readPins)
                  00005cce    00000016     ti_msp_dl_config.o (.text.DL_UART_enable)
                  00005ce4    00000016     board.o (.text.DL_UART_transmitData)
                  00005cfa    00000016     board.o (.text.delay_ms)
                  00005d10    00000016     libc.a : copy_zero_init.c.obj (.text:decompress:ZI:__TI_zero_init_nomemset)
                  00005d26    00000014     line.o (.text.DL_GPIO_clearPins)
                  00005d3a    00000014     motor.o (.text.DL_GPIO_clearPins)
                  00005d4e    00000014     oled.o (.text.DL_GPIO_clearPins)
                  00005d62    00000014     ti_msp_dl_config.o (.text.DL_GPIO_clearPins)
                  00005d76    00000002     --HOLE-- [fill = 0]
                  00005d78    00000014     ti_msp_dl_config.o (.text.DL_SYSCTL_disableSYSPLL)
                  00005d8c    00000014     ti_msp_dl_config.o (.text.DL_SYSCTL_enableMFCLK)
                  00005da0    00000014     ti_msp_dl_config.o (.text.DL_Timer_enableClock)
                  00005db4    00000014     ti_msp_dl_config.o (.text.DL_Timer_setCCPDirection)
                  00005dc8    00000014     board.o (.text.DL_UART_receiveData)
                  00005ddc    00000014     libclang_rt.builtins.a : aeabi_uldivmod.S.obj (.text.__aeabi_uldivmod)
                  00005df0    00000014     libc.a : sscanf.c.obj (.text._inpchar)
                  00005e04    00000014            : _printfi.c.obj (.text.strchr)
                  00005e18    00000012     empty.o (.text.DL_Timer_getPendingInterrupt)
                  00005e2a    00000012     board.o (.text.DL_UART_getPendingInterrupt)
                  00005e3c    00000012     driverlib.a : dl_uart.o (.text.DL_UART_setClockConfig)
                  00005e4e    00000012     libc.a : memcpy16.S.obj (.text:TI_memcpy_small)
                  00005e60    00000012            : copy_decompress_none.c.obj (.text:decompress:none)
                  00005e72    00000002     --HOLE-- [fill = 0]
                  00005e74    00000010     ti_msp_dl_config.o (.text.DL_SYSCTL_disableHFXT)
                  00005e84    00000010     ti_msp_dl_config.o (.text.DL_SYSTICK_enable)
                  00005e94    00000010     driverlib.a : dl_timer.o (.text.DL_Timer_setCaptureCompareValue)
                  00005ea4    00000010     libc.a : wcslen.c.obj (.text.wcslen)
                  00005eb4    0000000e            : _scanfi.c.obj (.text.OUTLINED_FUNCTION_1)
                  00005ec2    0000000e            : _scanfi.c.obj (.text.OUTLINED_FUNCTION_2)
                  00005ed0    0000000e     ti_msp_dl_config.o (.text.SYSCFG_DL_SYSTICK_init)
                  00005ede    00000002     --HOLE-- [fill = 0]
                  00005ee0    0000000e     libclang_rt.builtins.a : aeabi_memset.S.obj (.text.__aeabi_memset)
                  00005eee    0000000e     libc.a : _printfi.c.obj (.text.strlen)
                  00005efc    0000000e            : strlen.c.obj (.text.strlen)
                  00005f0a    0000000e            : memset16.S.obj (.text:TI_memset_small)
                  00005f18    0000000a     driverlib.a : dl_common.o (.text.DL_Common_delayCycles)
                  00005f22    0000000a     libc.a : _printfi.c.obj (.text.OUTLINED_FUNCTION_0)
                  00005f2c    00000010     libclang_rt.builtins.a : adddf3.S.obj (.tramp.__aeabi_dsub.1)
                  00005f3c    0000000a     libc.a : _printfi.c.obj (.text.OUTLINED_FUNCTION_1)
                  00005f46    0000000a            : _scanfi.c.obj (.text.OUTLINED_FUNCTION_3)
                  00005f50    0000000a            : sprintf.c.obj (.text._outc)
                  00005f5a    00000008            : _scanfi.c.obj (.text.OUTLINED_FUNCTION_0)
                  00005f62    00000008            : strtod.c.obj (.text.OUTLINED_FUNCTION_0)
                  00005f6a    00000008            : strtod.c.obj (.text.OUTLINED_FUNCTION_1)
                  00005f72    00000008            : strtod.c.obj (.text.OUTLINED_FUNCTION_2)
                  00005f7a    00000002     --HOLE-- [fill = 0]
                  00005f7c    00000010     libclang_rt.builtins.a : aeabi_dcmp.S.obj (.tramp.__aeabi_dcmpeq.1)
                  00005f8c    00000008     libc.a : aeabi_portable.c.obj (.text.__aeabi_errno_addr)
                  00005f94    00000008     libclang_rt.builtins.a : aeabi_memcpy.S.obj (.text.__aeabi_memcpy)
                  00005f9c    00000008     libc.a : printf.c.obj (.text._outc)
                  00005fa4    00000008            : printf.c.obj (.text._outs)
                  00005fac    00000008            : sscanf.c.obj (.text._uninpchar)
                  00005fb4    00000006            : _scanfi.c.obj (.text.OUTLINED_FUNCTION_4)
                  00005fba    00000004     startup_mspm0g350x_ticlang.o (.text.Default_Handler)
                  00005fbe    00000004     startup_mspm0g350x_ticlang.o (.text.Reset_Handler)
                  00005fc2    00000004     libc.a : pre_init.c.obj (.text._system_pre_init)
                  00005fc6    00000004            : exit.c.obj (.text:abort)
                  00005fca    00000006     --HOLE-- [fill = 0]

.cinit     0    00006ab0    00000078     
                  00006ab0    00000051     (.cinit..data.load) [load image, compression = lzss]
                  00006b01    00000003     --HOLE-- [fill = 0]
                  00006b04    0000000c     (__TI_handler_table)
                  00006b10    00000008     (.cinit..bss.load) [load image, compression = zero_init]
                  00006b18    00000010     (__TI_cinit_table)

.rodata    0    00005fd0    00000ae0     
                  00005fd0    000005f0     oled.o (.rodata.asc2_1608)
                  000065c0    00000228     oled.o (.rodata.asc2_0806)
                  000067e8    00000008     libc.a : _scanfi.c.obj (.rodata..L__const._sproc_float.special)
                  000067f0    00000101            : aeabi_ctype.S.obj (.rodata:__aeabi_ctype_table_)
                  000068f1    00000007            : _scanfi.c.obj (.rodata._sproc_int.flit)
                  000068f8    00000080            : strtod.c.obj (.rodata.digits)
                  00006978    00000048            : strtod.c.obj (.rodata.powerof10)
                  000069c0    00000016     empty.o (.rodata.str1.7130503275715014631)
                  000069d6    00000002     ti_msp_dl_config.o (.rodata.gUART_0ClockConfig)
                  000069d8    00000014     ti_msp_dl_config.o (.rodata.gTIMER_0TimerConfig)
                  000069ec    00000013     board.o (.rodata.str1.28119065981064266691)
                  000069ff    00000011     libc.a : _printfi.c.obj (.rodata.str1.11645776875810915891)
                  00006a10    00000011            : _printfi.c.obj (.rodata.str1.44690500295887128011)
                  00006a21    0000000d     empty.o (.rodata.str1.161173632875555205051)
                  00006a2e    0000000a     ti_msp_dl_config.o (.rodata.gUART_0Config)
                  00006a38    0000000a     ti_msp_dl_config.o (.rodata.gUART_1Config)
                  00006a42    0000000a     empty.o (.rodata.str1.162906114796922795351)
                  00006a4c    0000000a     empty.o (.rodata.str1.92454112862644078121)
                  00006a56    00000009     libc.a : _scanfi.c.obj (.rodata.str1.102794693813566686561)
                  00006a5f    00000001     --HOLE-- [fill = 0]
                  00006a60    00000008     ti_msp_dl_config.o (.rodata.gPWM_0Config)
                  00006a68    00000008     empty.o (.rodata.str1.71922421787461555071)
                  00006a70    00000007     board.o (.rodata.str1.127096837698867821071)
                  00006a77    00000007     board.o (.rodata.str1.146311080801221258481)
                  00006a7e    00000007     empty.o (.rodata.str1.155434919592598141311)
                  00006a85    00000007     board.o (.rodata.str1.8254710883539712791)
                  00006a8c    00000006     libc.a : _scanfi.c.obj (.rodata._sproc_int.barr)
                  00006a92    00000004     board.o (.rodata.str1.121882882096352115851)
                  00006a96    00000004     libc.a : _scanfi.c.obj (.rodata.str1.73194629478896626651)
                  00006a9a    00000003     ti_msp_dl_config.o (.rodata.gPWM_0ClockConfig)
                  00006a9d    00000003     ti_msp_dl_config.o (.rodata.gTIMER_0ClockConfig)
                  00006aa0    00000002     ti_msp_dl_config.o (.rodata.gUART_1ClockConfig)
                  00006aa2    0000000e     --HOLE-- [fill = 0]

.init_array 
*          0    00000000    00000000     UNINITIALIZED

.binit     0    00000000    00000000     

.data      0    20200000    0000021d     UNINITIALIZED
                  20200000    000000f0     libc.a : defs.c.obj (.data._ftable)
                  202000f0    00000080     board.o (.data.recv0_buff)
                  20200170    00000020     line.o (.data.Line_Arr)
                  20200190    0000000d     board.o (.data.UART2_IRQHandler.rebuf)
                  2020019d    00000001     key.o (.data.Key_GetNum.KeyNum)
                  2020019e    00000002     empty.o (.data.PITCH)
                  202001a0    00000008     board.o (.data.Speed_Set)
                  202001a8    00000007     board.o (.data.data4_buf)
                  202001af    00000007     empty.o (.data.data_buf)
                  202001b6    00000006     empty.o (.data.Init_rpy)
                  202001bc    00000006     empty.o (.data.rpy)
                  202001c2    00000002     empty.o (.data.ROLL)
                  202001c4    00000004     board.o (.data.Angle_Target)
                  202001c8    00000004     motor.o (.data.Kd_Yaw)
                  202001cc    00000004     key.o (.data.Key_GetNum.PressTime)
                  202001d0    00000004     motor.o (.data.Ki_Yaw)
                  202001d4    00000004     motor.o (.data.Kp_Yaw)
                  202001d8    00000004     line.o (.data.MAX_SPEED_DIFF)
                  202001dc    00000004     motor.o (.data.Velcity_Kd)
                  202001e0    00000004     motor.o (.data.Velcity_Ki)
                  202001e4    00000004     motor.o (.data.Velcity_Kp)
                  202001e8    00000004     motor.o (.data.Yaw_new)
                  202001ec    00000004     libc.a : aeabi_portable.c.obj (.data.__aeabi_errno)
                  202001f0    00000004            : _lock.c.obj (.data._lock)
                  202001f4    00000004            : _lock.c.obj (.data._unlock)
                  202001f8    00000004     empty.o (.data.angle1)
                  202001fc    00000004     empty.o (.data.angle2)
                  20200200    00000004     motor.o (.data.cur_bias)
                  20200204    00000004     empty.o (.data.offset)
                  20200208    00000004     motor.o (.data.yaw2vel.error_rate)
                  2020020c    00000004     motor.o (.data.yaw2vel.last_bias)
                  20200210    00000002     empty.o (.data.YAW)
                  20200212    00000002     board.o (.data.recv0_length)
                  20200214    00000001     board.o (.data.UART2_IRQHandler.i)
                  20200215    00000001     line.o (.data.flag_sum)
                  20200216    00000001     empty.o (.data.is_init)
                  20200217    00000001     line.o (.data.last_sum)
                  20200218    00000001     empty.o (.data.mode_num)
                  20200219    00000001     empty.o (.data.mode_set)
                  2020021a    00000001     board.o (.data.recv0_flag)
                  2020021b    00000001     board.o (.data.stata_reg)
                  2020021c    00000001     empty.o (.data.yes_angle_control)

.bss       0    20200220    000001d4     UNINITIALIZED
                  20200220    000000bc     (.common:gPWM_0Backup)
                  202002dc    000000bc     (.common:gTIMER_0Backup)
                  20200398    0000001e     (.common:str)
                  202003b6    00000002     --HOLE--
                  202003b8    00000004     motor.o (.bss.Velocity_A.ControlVelocityA)
                  202003bc    00000004     motor.o (.bss.Velocity_A.Last_biasA)
                  202003c0    00000004     motor.o (.bss.Velocity_A.Last_last_biasA)
                  202003c4    00000004     motor.o (.bss.Velocity_B.ControlVelocityB)
                  202003c8    00000004     motor.o (.bss.Velocity_B.Last_biasB)
                  202003cc    00000004     motor.o (.bss.Velocity_B.Last_last_biasB)
                  202003d0    00000004     motor.o (.bss.yaw2vel.output)
                  202003d4    00000004     (.common:Get_Encoder_countA)
                  202003d8    00000004     (.common:Get_Encoder_countB)
                  202003dc    00000004     (.common:PWMA)
                  202003e0    00000004     (.common:PWMB)
                  202003e4    00000004     (.common:encoderA_cnt)
                  202003e8    00000004     (.common:encoderB_cnt)
                  202003ec    00000004     (.common:gpio_interrup)
                  202003f0    00000004     (.common:speed_correct)

.stack     0    20207e00    00000200     UNINITIALIZED
                  20207e00    00000004     libc.a : boot_cortex_m.c.obj (.stack)
                  20207e04    000001fc     --HOLE--

__llvm_prf_cnts 
*          0    20200000    00000000     UNINITIALIZED

__llvm_prf_bits 
*          0    20200000    00000000     UNINITIALIZED

MODULE SUMMARY

       Module                         code    ro data   rw data
       ------                         ----    -------   -------
    .\
       ti_msp_dl_config.o             1964    58        376    
       empty.o                        2100    70        99     
       startup_mspm0g350x_ticlang.o   8       192       0      
    +--+------------------------------+-------+---------+---------+
       Total:                         4072    320       475    
                                                               
    .\Hardware\
       board.o                        1630    44        165    
       motor.o                        1020    0         68     
       line.o                         590     0         38     
       encoder.o                      546     0         4      
       key.o                          278     0         5      
    +--+------------------------------+-------+---------+---------+
       Total:                         4064    44        280    
                                                               
    .\OLED\
       oled.o                         1210    2072      0      
    +--+------------------------------+-------+---------+---------+
       Total:                         1210    2072      0      
                                                               
    C:/ti/mspm0_sdk_2_01_00_03/source/ti/driverlib/lib/ticlang/m0p/mspm0g1x0x_g3x0x/driverlib.a
       dl_timer.o                     652     0         0      
       dl_uart.o                      122     0         0      
       dl_common.o                    10      0         0      
    +--+------------------------------+-------+---------+---------+
       Total:                         784     0         0      
                                                               
    C:\ti\ccstheia141\ccs\tools\compiler\ti-cgt-armllvm_3.2.2.LTS\lib\armv6m-ti-none-eabi/c/libc.a
       _printfi.c.obj                 4558    34        0      
       _scanfi.c.obj                  3180    34        0      
       strtod.c.obj                   976     200       0      
       strtoll.c.obj                  484     0         0      
       strtoull.c.obj                 376     0         0      
       strtol.c.obj                   344     0         0      
       strtoul.c.obj                  296     0         0      
       aeabi_ctype.S.obj              0       257       0      
       defs.c.obj                     0       0         240    
       s_scalbn.c.obj                 216     0         0      
       sscanf.c.obj                   192     0         0      
       copy_decompress_lzss.c.obj     120     0         0      
       printf.c.obj                   108     0         0      
       s_frexp.c.obj                  92      0         0      
       sprintf.c.obj                  90      0         0      
       _ltoa.c.obj                    88      0         0      
       atoi.c.obj                     64      0         0      
       autoinit.c.obj                 60      0         0      
       boot_cortex_m.c.obj            40      0         0      
       memccpy.c.obj                  34      0         0      
       copy_zero_init.c.obj           22      0         0      
       copy_decompress_none.c.obj     18      0         0      
       memcpy16.S.obj                 18      0         0      
       wcslen.c.obj                   16      0         0      
       memset16.S.obj                 14      0         0      
       strlen.c.obj                   14      0         0      
       aeabi_portable.c.obj           8       0         4      
       _lock.c.obj                    2       0         8      
       exit.c.obj                     4       0         0      
       pre_init.c.obj                 4       0         0      
    +--+------------------------------+-------+---------+---------+
       Total:                         11438   525       252    
                                                               
    C:\ti\ccstheia141\ccs\tools\compiler\ti-cgt-armllvm_3.2.2.LTS\lib\clang/15.0.7/lib/armv6m-ti-none-eabi/libclang_rt.builtins.a
       adddf3.S.obj                   418     0         0      
       divdf3.S.obj                   268     0         0      
       muldf3.S.obj                   228     0         0      
       comparedf2.c.obj               220     0         0      
       addsf3.S.obj                   216     0         0      
       udivmoddi4.S.obj               162     0         0      
       mulsf3.S.obj                   140     0         0      
       comparesf2.S.obj               118     0         0      
       truncdfsf2.S.obj               116     0         0      
       aeabi_dcmp.S.obj               114     0         0      
       aeabi_fcmp.S.obj               98      0         0      
       aeabi_idivmod.S.obj            86      0         0      
       fixdfsi.S.obj                  74      0         0      
       aeabi_uidivmod.S.obj           64      0         0      
       extendsfdf2.S.obj              64      0         0      
       floatsisf.S.obj                60      0         0      
       muldsi3.S.obj                  58      0         0      
       fixsfsi.S.obj                  56      0         0      
       floatsidf.S.obj                44      0         0      
       muldi3.S.obj                   36      0         0      
       ashldi3.S.obj                  30      0         0      
       aeabi_memset.S.obj             26      0         0      
       aeabi_uldivmod.S.obj           20      0         0      
       aeabi_memcpy.S.obj             8       0         0      
       aeabi_div0.c.obj               4       0         0      
    +--+------------------------------+-------+---------+---------+
       Total:                         2728    0         0      
                                                               
       Stack:                         0       0         512    
       Linker Generated:              0       117       0      
    +--+------------------------------+-------+---------+---------+
       Grand Total:                   24296   3078      1519   


LINKER GENERATED COPY TABLES

__TI_cinit_table @ 00006b18 records: 2, size/record: 8, table size: 16
	.data: load addr=00006ab0, load size=00000051 bytes, run addr=20200000, run size=0000021d bytes, compression=lzss
	.bss: load addr=00006b10, load size=00000008 bytes, run addr=20200220, run size=000001d4 bytes, compression=zero_init


LINKER GENERATED HANDLER TABLE

__TI_handler_table @ 00006b04 records: 3, size/record: 4, table size: 12
	index: 0, handler: __TI_decompress_lzss
	index: 1, handler: __TI_decompress_none
	index: 2, handler: __TI_zero_init


FAR CALL TRAMPOLINES

callee name               trampoline name
   callee addr  tramp addr   call addr  call info
--------------  -----------  ---------  ----------------
__aeabi_dsub              $Tramp$TT$L$PI$$__aeabi_dsub
   0000290d     00005f2c     00005f2a   libc.a : _printfi.c.obj (.text.OUTLINED_FUNCTION_0)
__aeabi_dcmpeq            $Tramp$TT$L$PI$$__aeabi_dcmpeq
   00004c65     00005f7c     00005f78   libc.a : strtod.c.obj (.text.OUTLINED_FUNCTION_2)

[2 trampolines]
[2 trampoline calls]


GLOBAL SYMBOLS: SORTED ALPHABETICALLY BY Name 

address   name                            
-------   ----                            
00005fbb  ADC0_IRQHandler                 
00005fbb  ADC1_IRQHandler                 
00005fbb  AES_IRQHandler                  
00004b95  Angle_Init                      
202001c4  Angle_Target                    
00005fc6  C$$EXIT                         
00005fbb  CANFD0_IRQHandler               
00003e8d  Check                           
00005fbb  DAC0_IRQHandler                 
00005f19  DL_Common_delayCycles           
00004605  DL_TimerA_initPWMMode           
00004025  DL_Timer_initPWMMode            
00003b11  DL_Timer_initTimerMode          
00005a59  DL_Timer_setCaptCompUpdateMethod
00005be5  DL_Timer_setCaptureCompareOutCtl
00005e95  DL_Timer_setCaptureCompareValue 
00005a75  DL_Timer_setClockConfig         
00005175  DL_UART_init                    
00005e3d  DL_UART_setClockConfig          
00005919  DL_UART_transmitDataBlocking    
00005fbb  DMA_IRQHandler                  
00005fbb  Default_Handler                 
00005fbb  GROUP0_IRQHandler               
00002571  GROUP1_IRQHandler               
000040e9  Get_Angle                       
202003d4  Get_Encoder_countA              
202003d8  Get_Encoder_countB              
00005fbb  HardFault_Handler               
00005fbb  I2C0_IRQHandler                 
00005fbb  I2C1_IRQHandler                 
0000530d  I2C_Start                       
00005629  I2C_Stop                        
00005659  I2C_WaitAck                     
202001b6  Init_rpy                        
202001c8  Kd_Yaw                          
000041ad  Key_GetNum                      
000050dd  Key_Scan                        
202001d0  Ki_Yaw                          
202001d4  Kp_Yaw                          
20200170  Line_Arr                        
202001d8  MAX_SPEED_DIFF                  
00005fbb  NMI_Handler                     
00004b29  OLED_Clear                      
00003a15  OLED_Init                       
00005349  OLED_Set_Pos                    
000034ed  OLED_ShowChar                   
000049dd  OLED_ShowString                 
00005041  OLED_WR_Byte                    
2020019e  PITCH                           
202003dc  PWMA                            
202003e0  PWMB                            
00005fbb  PendSV_Handler                  
202001c2  ROLL                            
00005fbb  RTC_IRQHandler                  
00005fbf  Reset_Handler                   
00005c5d  Reset_Line                      
00005fbb  SPI0_IRQHandler                 
00005fbb  SPI1_IRQHandler                 
00005fbb  SVC_Handler                     
00002749  SYSCFG_DL_GPIO_init             
00004685  SYSCFG_DL_PWM_0_init            
000058b5  SYSCFG_DL_SYSCTL_init           
00005ed1  SYSCFG_DL_SYSTICK_init          
000055c5  SYSCFG_DL_TIMER_0_init          
000051bd  SYSCFG_DL_UART_0_init           
00005205  SYSCFG_DL_UART_1_init           
000054b1  SYSCFG_DL_init                  
00004705  SYSCFG_DL_initPower             
00004781  Send_Byte                       
00003605  Set_PWM                         
202001a0  Speed_Set                       
00005fbb  SysTick_Handler                 
00003179  TIMA0_IRQHandler                
00005fbb  TIMA1_IRQHandler                
00005fbb  TIMG0_IRQHandler                
00005fbb  TIMG12_IRQHandler               
00005fbb  TIMG6_IRQHandler                
00005fbb  TIMG7_IRQHandler                
00005fbb  TIMG8_IRQHandler                
00005e4f  TI_memcpy_small                 
00005f0b  TI_memset_small                 
00004581  UART0_IRQHandler                
00005fbb  UART1_IRQHandler                
00004261  UART2_IRQHandler                
00005fbb  UART3_IRQHandler                
00004d2b  USART_Send                      
00005559  USART_Send_bytes                
000056e9  USART_send_byte                 
202001dc  Velcity_Kd                      
202001e0  Velcity_Ki                      
202001e4  Velcity_Kp                      
0000381d  Velocity_A                      
00003919  Velocity_B                      
20200210  YAW                             
202001e8  Yaw_new                         
20208000  __STACK_END                     
00000200  __STACK_SIZE                    
00000000  __TI_ATRegion0_region_sz        
00000000  __TI_ATRegion0_src_addr         
00000000  __TI_ATRegion0_trg_addr         
00000000  __TI_ATRegion1_region_sz        
00000000  __TI_ATRegion1_src_addr         
00000000  __TI_ATRegion1_trg_addr         
00000000  __TI_ATRegion2_region_sz        
00000000  __TI_ATRegion2_src_addr         
00000000  __TI_ATRegion2_trg_addr         
00006b18  __TI_CINIT_Base                 
00006b28  __TI_CINIT_Limit                
00006b28  __TI_CINIT_Warm                 
00006b04  __TI_Handler_Table_Base         
00006b10  __TI_Handler_Table_Limit        
000053fd  __TI_auto_init_nobinit_nopinit  
000047fd  __TI_decompress_lzss            
00005e61  __TI_decompress_none            
00004e41  __TI_ltoa                       
ffffffff  __TI_pprof_out_hndl             
00000cf9  __TI_printfi                    
ffffffff  __TI_prof_data_size             
ffffffff  __TI_prof_data_start            
000000c1  __TI_scanfi                     
00000000  __TI_static_base__              
00005d11  __TI_zero_init_nomemset         
00002917  __adddf3                        
00003dbf  __addsf3                        
000067f0  __aeabi_ctype_table_            
000067f0  __aeabi_ctype_table_C           
00004881  __aeabi_d2f                     
00005129  __aeabi_d2iz                    
00002917  __aeabi_dadd                    
00004c65  __aeabi_dcmpeq                  
00004ca1  __aeabi_dcmpge                  
00004cb5  __aeabi_dcmpgt                  
00004c8d  __aeabi_dcmple                  
00004c79  __aeabi_dcmplt                  
00003711  __aeabi_ddiv                    
00003bf9  __aeabi_dmul                    
0000290d  __aeabi_dsub                    
202001ec  __aeabi_errno                   
00005f8d  __aeabi_errno_addr              
0000528d  __aeabi_f2d                     
000054e9  __aeabi_f2iz                    
00003dbf  __aeabi_fadd                    
00004cc9  __aeabi_fcmpeq                  
00004d05  __aeabi_fcmpge                  
00004d19  __aeabi_fcmpgt                  
00004cf1  __aeabi_fcmple                  
00004cdd  __aeabi_fcmplt                  
000044f5  __aeabi_fmul                    
00003db5  __aeabi_fsub                    
0000576d  __aeabi_i2d                     
00005385  __aeabi_i2f                     
00004ef1  __aeabi_idiv                    
00002a9f  __aeabi_idiv0                   
00004ef1  __aeabi_idivmod                 
00003b0f  __aeabi_ldiv0                   
00005959  __aeabi_llsl                    
00005891  __aeabi_lmul                    
00004875  __aeabi_memclr                  
00004875  __aeabi_memclr4                 
00004875  __aeabi_memclr8                 
00005f95  __aeabi_memcpy                  
00005f95  __aeabi_memcpy4                 
00005f95  __aeabi_memcpy8                 
00005ee1  __aeabi_memset                  
00005ee1  __aeabi_memset4                 
00005ee1  __aeabi_memset8                 
0000524d  __aeabi_uidiv                   
0000524d  __aeabi_uidivmod                
00005ddd  __aeabi_uldivmod                
00005959  __ashldi3                       
ffffffff  __binit__                       
00004abd  __cmpdf2                        
00005439  __cmpsf2                        
00003711  __divdf3                        
00004abd  __eqdf2                         
00005439  __eqsf2                         
0000528d  __extendsfdf2                   
00005129  __fixdfsi                       
000054e9  __fixsfsi                       
0000576d  __floatsidf                     
00005385  __floatsisf                     
00004a4d  __gedf2                         
000053c1  __gesf2                         
00004a4d  __gtdf2                         
000053c1  __gtsf2                         
00004abd  __ledf2                         
00005439  __lesf2                         
00004abd  __ltdf2                         
00005439  __ltsf2                         
UNDEFED   __mpu_init                      
00003bf9  __muldf3                        
00005891  __muldi3                        
00005475  __muldsi3                       
000044f5  __mulsf3                        
00004abd  __nedf2                         
00005439  __nesf2                         
20207e00  __stack                         
20200000  __start___llvm_prf_bits         
20200000  __start___llvm_prf_cnts         
20200000  __stop___llvm_prf_bits          
20200000  __stop___llvm_prf_cnts          
0000290d  __subdf3                        
00003db5  __subsf3                        
00004881  __truncdfsf2                    
000043bd  __udivmoddi4                    
00005841  _c_int00_noargs                 
20200000  _ftable                         
202001f0  _lock                           
0000445f  _nop                            
UNDEFED   _system_post_cinit              
00005fc3  _system_pre_init                
202001f4  _unlock                         
00005fc7  abort                           
202001f8  angle1                          
202001fc  angle2                          
000065c0  asc2_0806                       
00005fd0  asc2_1608                       
000052cd  atoi                            
ffffffff  binit                           
00004461  calculate_speed_difference      
20200200  cur_bias                        
202001a8  data4_buf                       
202001af  data_buf                        
00005cfb  delay_ms                        
00004969  delay_us                        
202003e4  encoderA_cnt                    
202003e8  encoderB_cnt                    
20200215  flag_sum                        
00005799  fputc                           
00004ff1  fputs                           
00004d89  frexp                           
00004d89  frexpl                          
20200220  gPWM_0Backup                    
202002dc  gTIMER_0Backup                  
202003ec  gpio_interrup                   
00000000  interruptVectors                
20200216  is_init                         
20200217  last_sum                        
00003cdd  ldexp                           
00003cdd  ldexpl                          
000016f9  main                            
000058d7  memccpy                         
20200218  mode_num                        
20200219  mode_set                        
20200204  offset                          
00002c19  parse_received_data             
00004de5  printf                          
00002d85  read_lines                      
202000f0  recv0_buff                      
2020021a  recv0_flag                      
20200212  recv0_length                    
202001bc  rpy                             
00003cdd  scalbn                          
00003cdd  scalbnl                         
00004f49  screen_show                     
00005869  send_Instruction                
00004311  send_out                        
202003f0  speed_correct                   
00005521  sprintf                         
000056b9  sscanf                          
2020021b  stata_reg                       
20200398  str                             
00005efd  strlen                          
00001bd9  strtod                          
00002ee5  strtol                          
00001bd9  strtold                         
000021b1  strtoll                         
000032a5  strtoul                         
00002aa1  strtoull                        
000057c5  uart0_send_char                 
00005ea5  wcslen                          
00003f59  yaw2vel                         
2020021c  yes_angle_control               


GLOBAL SYMBOLS: SORTED BY Symbol Address 

address   name                            
-------   ----                            
00000000  __TI_ATRegion0_region_sz        
00000000  __TI_ATRegion0_src_addr         
00000000  __TI_ATRegion0_trg_addr         
00000000  __TI_ATRegion1_region_sz        
00000000  __TI_ATRegion1_src_addr         
00000000  __TI_ATRegion1_trg_addr         
00000000  __TI_ATRegion2_region_sz        
00000000  __TI_ATRegion2_src_addr         
00000000  __TI_ATRegion2_trg_addr         
00000000  __TI_static_base__              
00000000  interruptVectors                
000000c1  __TI_scanfi                     
00000200  __STACK_SIZE                    
00000cf9  __TI_printfi                    
000016f9  main                            
00001bd9  strtod                          
00001bd9  strtold                         
000021b1  strtoll                         
00002571  GROUP1_IRQHandler               
00002749  SYSCFG_DL_GPIO_init             
0000290d  __aeabi_dsub                    
0000290d  __subdf3                        
00002917  __adddf3                        
00002917  __aeabi_dadd                    
00002a9f  __aeabi_idiv0                   
00002aa1  strtoull                        
00002c19  parse_received_data             
00002d85  read_lines                      
00002ee5  strtol                          
00003179  TIMA0_IRQHandler                
000032a5  strtoul                         
000034ed  OLED_ShowChar                   
00003605  Set_PWM                         
00003711  __aeabi_ddiv                    
00003711  __divdf3                        
0000381d  Velocity_A                      
00003919  Velocity_B                      
00003a15  OLED_Init                       
00003b0f  __aeabi_ldiv0                   
00003b11  DL_Timer_initTimerMode          
00003bf9  __aeabi_dmul                    
00003bf9  __muldf3                        
00003cdd  ldexp                           
00003cdd  ldexpl                          
00003cdd  scalbn                          
00003cdd  scalbnl                         
00003db5  __aeabi_fsub                    
00003db5  __subsf3                        
00003dbf  __addsf3                        
00003dbf  __aeabi_fadd                    
00003e8d  Check                           
00003f59  yaw2vel                         
00004025  DL_Timer_initPWMMode            
000040e9  Get_Angle                       
000041ad  Key_GetNum                      
00004261  UART2_IRQHandler                
00004311  send_out                        
000043bd  __udivmoddi4                    
0000445f  _nop                            
00004461  calculate_speed_difference      
000044f5  __aeabi_fmul                    
000044f5  __mulsf3                        
00004581  UART0_IRQHandler                
00004605  DL_TimerA_initPWMMode           
00004685  SYSCFG_DL_PWM_0_init            
00004705  SYSCFG_DL_initPower             
00004781  Send_Byte                       
000047fd  __TI_decompress_lzss            
00004875  __aeabi_memclr                  
00004875  __aeabi_memclr4                 
00004875  __aeabi_memclr8                 
00004881  __aeabi_d2f                     
00004881  __truncdfsf2                    
00004969  delay_us                        
000049dd  OLED_ShowString                 
00004a4d  __gedf2                         
00004a4d  __gtdf2                         
00004abd  __cmpdf2                        
00004abd  __eqdf2                         
00004abd  __ledf2                         
00004abd  __ltdf2                         
00004abd  __nedf2                         
00004b29  OLED_Clear                      
00004b95  Angle_Init                      
00004c65  __aeabi_dcmpeq                  
00004c79  __aeabi_dcmplt                  
00004c8d  __aeabi_dcmple                  
00004ca1  __aeabi_dcmpge                  
00004cb5  __aeabi_dcmpgt                  
00004cc9  __aeabi_fcmpeq                  
00004cdd  __aeabi_fcmplt                  
00004cf1  __aeabi_fcmple                  
00004d05  __aeabi_fcmpge                  
00004d19  __aeabi_fcmpgt                  
00004d2b  USART_Send                      
00004d89  frexp                           
00004d89  frexpl                          
00004de5  printf                          
00004e41  __TI_ltoa                       
00004ef1  __aeabi_idiv                    
00004ef1  __aeabi_idivmod                 
00004f49  screen_show                     
00004ff1  fputs                           
00005041  OLED_WR_Byte                    
000050dd  Key_Scan                        
00005129  __aeabi_d2iz                    
00005129  __fixdfsi                       
00005175  DL_UART_init                    
000051bd  SYSCFG_DL_UART_0_init           
00005205  SYSCFG_DL_UART_1_init           
0000524d  __aeabi_uidiv                   
0000524d  __aeabi_uidivmod                
0000528d  __aeabi_f2d                     
0000528d  __extendsfdf2                   
000052cd  atoi                            
0000530d  I2C_Start                       
00005349  OLED_Set_Pos                    
00005385  __aeabi_i2f                     
00005385  __floatsisf                     
000053c1  __gesf2                         
000053c1  __gtsf2                         
000053fd  __TI_auto_init_nobinit_nopinit  
00005439  __cmpsf2                        
00005439  __eqsf2                         
00005439  __lesf2                         
00005439  __ltsf2                         
00005439  __nesf2                         
00005475  __muldsi3                       
000054b1  SYSCFG_DL_init                  
000054e9  __aeabi_f2iz                    
000054e9  __fixsfsi                       
00005521  sprintf                         
00005559  USART_Send_bytes                
000055c5  SYSCFG_DL_TIMER_0_init          
00005629  I2C_Stop                        
00005659  I2C_WaitAck                     
000056b9  sscanf                          
000056e9  USART_send_byte                 
0000576d  __aeabi_i2d                     
0000576d  __floatsidf                     
00005799  fputc                           
000057c5  uart0_send_char                 
00005841  _c_int00_noargs                 
00005869  send_Instruction                
00005891  __aeabi_lmul                    
00005891  __muldi3                        
000058b5  SYSCFG_DL_SYSCTL_init           
000058d7  memccpy                         
00005919  DL_UART_transmitDataBlocking    
00005959  __aeabi_llsl                    
00005959  __ashldi3                       
00005a59  DL_Timer_setCaptCompUpdateMethod
00005a75  DL_Timer_setClockConfig         
00005be5  DL_Timer_setCaptureCompareOutCtl
00005c5d  Reset_Line                      
00005cfb  delay_ms                        
00005d11  __TI_zero_init_nomemset         
00005ddd  __aeabi_uldivmod                
00005e3d  DL_UART_setClockConfig          
00005e4f  TI_memcpy_small                 
00005e61  __TI_decompress_none            
00005e95  DL_Timer_setCaptureCompareValue 
00005ea5  wcslen                          
00005ed1  SYSCFG_DL_SYSTICK_init          
00005ee1  __aeabi_memset                  
00005ee1  __aeabi_memset4                 
00005ee1  __aeabi_memset8                 
00005efd  strlen                          
00005f0b  TI_memset_small                 
00005f19  DL_Common_delayCycles           
00005f8d  __aeabi_errno_addr              
00005f95  __aeabi_memcpy                  
00005f95  __aeabi_memcpy4                 
00005f95  __aeabi_memcpy8                 
00005fbb  ADC0_IRQHandler                 
00005fbb  ADC1_IRQHandler                 
00005fbb  AES_IRQHandler                  
00005fbb  CANFD0_IRQHandler               
00005fbb  DAC0_IRQHandler                 
00005fbb  DMA_IRQHandler                  
00005fbb  Default_Handler                 
00005fbb  GROUP0_IRQHandler               
00005fbb  HardFault_Handler               
00005fbb  I2C0_IRQHandler                 
00005fbb  I2C1_IRQHandler                 
00005fbb  NMI_Handler                     
00005fbb  PendSV_Handler                  
00005fbb  RTC_IRQHandler                  
00005fbb  SPI0_IRQHandler                 
00005fbb  SPI1_IRQHandler                 
00005fbb  SVC_Handler                     
00005fbb  SysTick_Handler                 
00005fbb  TIMA1_IRQHandler                
00005fbb  TIMG0_IRQHandler                
00005fbb  TIMG12_IRQHandler               
00005fbb  TIMG6_IRQHandler                
00005fbb  TIMG7_IRQHandler                
00005fbb  TIMG8_IRQHandler                
00005fbb  UART1_IRQHandler                
00005fbb  UART3_IRQHandler                
00005fbf  Reset_Handler                   
00005fc3  _system_pre_init                
00005fc6  C$$EXIT                         
00005fc7  abort                           
00005fd0  asc2_1608                       
000065c0  asc2_0806                       
000067f0  __aeabi_ctype_table_            
000067f0  __aeabi_ctype_table_C           
00006b04  __TI_Handler_Table_Base         
00006b10  __TI_Handler_Table_Limit        
00006b18  __TI_CINIT_Base                 
00006b28  __TI_CINIT_Limit                
00006b28  __TI_CINIT_Warm                 
20200000  __start___llvm_prf_bits         
20200000  __start___llvm_prf_cnts         
20200000  __stop___llvm_prf_bits          
20200000  __stop___llvm_prf_cnts          
20200000  _ftable                         
202000f0  recv0_buff                      
20200170  Line_Arr                        
2020019e  PITCH                           
202001a0  Speed_Set                       
202001a8  data4_buf                       
202001af  data_buf                        
202001b6  Init_rpy                        
202001bc  rpy                             
202001c2  ROLL                            
202001c4  Angle_Target                    
202001c8  Kd_Yaw                          
202001d0  Ki_Yaw                          
202001d4  Kp_Yaw                          
202001d8  MAX_SPEED_DIFF                  
202001dc  Velcity_Kd                      
202001e0  Velcity_Ki                      
202001e4  Velcity_Kp                      
202001e8  Yaw_new                         
202001ec  __aeabi_errno                   
202001f0  _lock                           
202001f4  _unlock                         
202001f8  angle1                          
202001fc  angle2                          
20200200  cur_bias                        
20200204  offset                          
20200210  YAW                             
20200212  recv0_length                    
20200215  flag_sum                        
20200216  is_init                         
20200217  last_sum                        
20200218  mode_num                        
20200219  mode_set                        
2020021a  recv0_flag                      
2020021b  stata_reg                       
2020021c  yes_angle_control               
20200220  gPWM_0Backup                    
202002dc  gTIMER_0Backup                  
20200398  str                             
202003d4  Get_Encoder_countA              
202003d8  Get_Encoder_countB              
202003dc  PWMA                            
202003e0  PWMB                            
202003e4  encoderA_cnt                    
202003e8  encoderB_cnt                    
202003ec  gpio_interrup                   
202003f0  speed_correct                   
20207e00  __stack                         
20208000  __STACK_END                     
ffffffff  __TI_pprof_out_hndl             
ffffffff  __TI_prof_data_size             
ffffffff  __TI_prof_data_start            
ffffffff  __binit__                       
ffffffff  binit                           
UNDEFED   __mpu_init                      
UNDEFED   _system_post_cinit              

[273 symbols]
