<?xml version="1.0" encoding="ISO-8859-1" ?>
<link_info>
   <banner>TI ARM Clang Linker PC v3.2.2.LTS</banner>
   <copyright>Copyright (c) 1996-2018 Texas Instruments Incorporated</copyright>
   <link_time>0x66aa5baa</link_time>
   <link_errors>0x0</link_errors>
   <output_file>C:\Users\Laptop\workspace_ccstheia\original\Debug\original.out</output_file>
   <entry_point>
      <name>_c_int00_noargs</name>
      <address>0x5841</address>
   </entry_point>
   <input_file_list>
      <input_file id="fl-1">
         <path>C:\Users\Laptop\workspace_ccstheia\original\Debug\.\</path>
         <kind>object</kind>
         <file>empty.o</file>
         <name>empty.o</name>
      </input_file>
      <input_file id="fl-2">
         <path>C:\Users\Laptop\workspace_ccstheia\original\Debug\.\</path>
         <kind>object</kind>
         <file>ti_msp_dl_config.o</file>
         <name>ti_msp_dl_config.o</name>
      </input_file>
      <input_file id="fl-3">
         <path>C:\Users\Laptop\workspace_ccstheia\original\Debug\.\</path>
         <kind>object</kind>
         <file>startup_mspm0g350x_ticlang.o</file>
         <name>startup_mspm0g350x_ticlang.o</name>
      </input_file>
      <input_file id="fl-4">
         <path>C:\Users\Laptop\workspace_ccstheia\original\Debug\.\Hardware\</path>
         <kind>object</kind>
         <file>IOI2C.o</file>
         <name>IOI2C.o</name>
      </input_file>
      <input_file id="fl-5">
         <path>C:\Users\Laptop\workspace_ccstheia\original\Debug\.\Hardware\</path>
         <kind>object</kind>
         <file>MPU6050.o</file>
         <name>MPU6050.o</name>
      </input_file>
      <input_file id="fl-6">
         <path>C:\Users\Laptop\workspace_ccstheia\original\Debug\.\Hardware\</path>
         <kind>object</kind>
         <file>board.o</file>
         <name>board.o</name>
      </input_file>
      <input_file id="fl-7">
         <path>C:\Users\Laptop\workspace_ccstheia\original\Debug\.\Hardware\</path>
         <kind>object</kind>
         <file>encoder.o</file>
         <name>encoder.o</name>
      </input_file>
      <input_file id="fl-8">
         <path>C:\Users\Laptop\workspace_ccstheia\original\Debug\.\Hardware\</path>
         <kind>object</kind>
         <file>filter.o</file>
         <name>filter.o</name>
      </input_file>
      <input_file id="fl-9">
         <path>C:\Users\Laptop\workspace_ccstheia\original\Debug\.\Hardware\</path>
         <kind>object</kind>
         <file>inv_mpu.o</file>
         <name>inv_mpu.o</name>
      </input_file>
      <input_file id="fl-a">
         <path>C:\Users\Laptop\workspace_ccstheia\original\Debug\.\Hardware\</path>
         <kind>object</kind>
         <file>inv_mpu_dmp_motion_driver.o</file>
         <name>inv_mpu_dmp_motion_driver.o</name>
      </input_file>
      <input_file id="fl-b">
         <path>C:\Users\Laptop\workspace_ccstheia\original\Debug\.\Hardware\</path>
         <kind>object</kind>
         <file>key.o</file>
         <name>key.o</name>
      </input_file>
      <input_file id="fl-c">
         <path>C:\Users\Laptop\workspace_ccstheia\original\Debug\.\Hardware\</path>
         <kind>object</kind>
         <file>line.o</file>
         <name>line.o</name>
      </input_file>
      <input_file id="fl-d">
         <path>C:\Users\Laptop\workspace_ccstheia\original\Debug\.\Hardware\</path>
         <kind>object</kind>
         <file>motor.o</file>
         <name>motor.o</name>
      </input_file>
      <input_file id="fl-e">
         <path>C:\Users\Laptop\workspace_ccstheia\original\Debug\.\OLED\</path>
         <kind>object</kind>
         <file>oled.o</file>
         <name>oled.o</name>
      </input_file>
      <input_file id="fl-1b">
         <path>C:\Users\Laptop\workspace_ccstheia\original\Debug\</path>
         <kind>object</kind>
         <file>&lt;internal&gt;</file>
         <name>&lt;internal&gt;</name>
      </input_file>
      <input_file id="fl-1c">
         <path>C:\ti\mspm0_sdk_2_01_00_03\source\ti\driverlib\lib\ticlang\m0p\mspm0g1x0x_g3x0x\</path>
         <kind>archive</kind>
         <file>driverlib.a</file>
         <name>dl_common.o</name>
      </input_file>
      <input_file id="fl-1d">
         <path>C:\ti\mspm0_sdk_2_01_00_03\source\ti\driverlib\lib\ticlang\m0p\mspm0g1x0x_g3x0x\</path>
         <kind>archive</kind>
         <file>driverlib.a</file>
         <name>dl_timer.o</name>
      </input_file>
      <input_file id="fl-1e">
         <path>C:\ti\mspm0_sdk_2_01_00_03\source\ti\driverlib\lib\ticlang\m0p\mspm0g1x0x_g3x0x\</path>
         <kind>archive</kind>
         <file>driverlib.a</file>
         <name>dl_uart.o</name>
      </input_file>
      <input_file id="fl-2d">
         <path>C:\ti\ccstheia141\ccs\tools\compiler\ti-cgt-armllvm_3.2.2.LTS\lib\armv6m-ti-none-eabi\c\</path>
         <kind>archive</kind>
         <file>libc.a</file>
         <name>printf.c.obj</name>
      </input_file>
      <input_file id="fl-2e">
         <path>C:\ti\ccstheia141\ccs\tools\compiler\ti-cgt-armllvm_3.2.2.LTS\lib\armv6m-ti-none-eabi\c\</path>
         <kind>archive</kind>
         <file>libc.a</file>
         <name>_printfi.c.obj</name>
      </input_file>
      <input_file id="fl-2f">
         <path>C:\ti\ccstheia141\ccs\tools\compiler\ti-cgt-armllvm_3.2.2.LTS\lib\armv6m-ti-none-eabi\c\</path>
         <kind>archive</kind>
         <file>libc.a</file>
         <name>sprintf.c.obj</name>
      </input_file>
      <input_file id="fl-30">
         <path>C:\ti\ccstheia141\ccs\tools\compiler\ti-cgt-armllvm_3.2.2.LTS\lib\armv6m-ti-none-eabi\c\</path>
         <kind>archive</kind>
         <file>libc.a</file>
         <name>sscanf.c.obj</name>
      </input_file>
      <input_file id="fl-31">
         <path>C:\ti\ccstheia141\ccs\tools\compiler\ti-cgt-armllvm_3.2.2.LTS\lib\armv6m-ti-none-eabi\c\</path>
         <kind>archive</kind>
         <file>libc.a</file>
         <name>e_asin.c.obj</name>
      </input_file>
      <input_file id="fl-32">
         <path>C:\ti\ccstheia141\ccs\tools\compiler\ti-cgt-armllvm_3.2.2.LTS\lib\armv6m-ti-none-eabi\c\</path>
         <kind>archive</kind>
         <file>libc.a</file>
         <name>e_atan2.c.obj</name>
      </input_file>
      <input_file id="fl-33">
         <path>C:\ti\ccstheia141\ccs\tools\compiler\ti-cgt-armllvm_3.2.2.LTS\lib\armv6m-ti-none-eabi\c\</path>
         <kind>archive</kind>
         <file>libc.a</file>
         <name>e_sqrt.c.obj</name>
      </input_file>
      <input_file id="fl-34">
         <path>C:\ti\ccstheia141\ccs\tools\compiler\ti-cgt-armllvm_3.2.2.LTS\lib\armv6m-ti-none-eabi\c\</path>
         <kind>archive</kind>
         <file>libc.a</file>
         <name>s_atan.c.obj</name>
      </input_file>
      <input_file id="fl-35">
         <path>C:\ti\ccstheia141\ccs\tools\compiler\ti-cgt-armllvm_3.2.2.LTS\lib\armv6m-ti-none-eabi\c\</path>
         <kind>archive</kind>
         <file>libc.a</file>
         <name>s_frexp.c.obj</name>
      </input_file>
      <input_file id="fl-36">
         <path>C:\ti\ccstheia141\ccs\tools\compiler\ti-cgt-armllvm_3.2.2.LTS\lib\armv6m-ti-none-eabi\c\</path>
         <kind>archive</kind>
         <file>libc.a</file>
         <name>s_scalbn.c.obj</name>
      </input_file>
      <input_file id="fl-37">
         <path>C:\ti\ccstheia141\ccs\tools\compiler\ti-cgt-armllvm_3.2.2.LTS\lib\armv6m-ti-none-eabi\c\</path>
         <kind>archive</kind>
         <file>libc.a</file>
         <name>aeabi_ctype.S.obj</name>
      </input_file>
      <input_file id="fl-38">
         <path>C:\ti\ccstheia141\ccs\tools\compiler\ti-cgt-armllvm_3.2.2.LTS\lib\armv6m-ti-none-eabi\c\</path>
         <kind>archive</kind>
         <file>libc.a</file>
         <name>aeabi_portable.c.obj</name>
      </input_file>
      <input_file id="fl-39">
         <path>C:\ti\ccstheia141\ccs\tools\compiler\ti-cgt-armllvm_3.2.2.LTS\lib\armv6m-ti-none-eabi\c\</path>
         <kind>archive</kind>
         <file>libc.a</file>
         <name>_lock.c.obj</name>
      </input_file>
      <input_file id="fl-3a">
         <path>C:\ti\ccstheia141\ccs\tools\compiler\ti-cgt-armllvm_3.2.2.LTS\lib\armv6m-ti-none-eabi\c\</path>
         <kind>archive</kind>
         <file>libc.a</file>
         <name>_ltoa.c.obj</name>
      </input_file>
      <input_file id="fl-3b">
         <path>C:\ti\ccstheia141\ccs\tools\compiler\ti-cgt-armllvm_3.2.2.LTS\lib\armv6m-ti-none-eabi\c\</path>
         <kind>archive</kind>
         <file>libc.a</file>
         <name>assert.c.obj</name>
      </input_file>
      <input_file id="fl-3c">
         <path>C:\ti\ccstheia141\ccs\tools\compiler\ti-cgt-armllvm_3.2.2.LTS\lib\armv6m-ti-none-eabi\c\</path>
         <kind>archive</kind>
         <file>libc.a</file>
         <name>atoi.c.obj</name>
      </input_file>
      <input_file id="fl-3d">
         <path>C:\ti\ccstheia141\ccs\tools\compiler\ti-cgt-armllvm_3.2.2.LTS\lib\armv6m-ti-none-eabi\c\</path>
         <kind>archive</kind>
         <file>libc.a</file>
         <name>defs.c.obj</name>
      </input_file>
      <input_file id="fl-3e">
         <path>C:\ti\ccstheia141\ccs\tools\compiler\ti-cgt-armllvm_3.2.2.LTS\lib\armv6m-ti-none-eabi\c\</path>
         <kind>archive</kind>
         <file>libc.a</file>
         <name>memccpy.c.obj</name>
      </input_file>
      <input_file id="fl-3f">
         <path>C:\ti\ccstheia141\ccs\tools\compiler\ti-cgt-armllvm_3.2.2.LTS\lib\armv6m-ti-none-eabi\c\</path>
         <kind>archive</kind>
         <file>libc.a</file>
         <name>memcmp.c.obj</name>
      </input_file>
      <input_file id="fl-40">
         <path>C:\ti\ccstheia141\ccs\tools\compiler\ti-cgt-armllvm_3.2.2.LTS\lib\armv6m-ti-none-eabi\c\</path>
         <kind>archive</kind>
         <file>libc.a</file>
         <name>memory.c.obj</name>
      </input_file>
      <input_file id="fl-41">
         <path>C:\ti\ccstheia141\ccs\tools\compiler\ti-cgt-armllvm_3.2.2.LTS\lib\armv6m-ti-none-eabi\c\</path>
         <kind>archive</kind>
         <file>libc.a</file>
         <name>strlen.c.obj</name>
      </input_file>
      <input_file id="fl-42">
         <path>C:\ti\ccstheia141\ccs\tools\compiler\ti-cgt-armllvm_3.2.2.LTS\lib\armv6m-ti-none-eabi\c\</path>
         <kind>archive</kind>
         <file>libc.a</file>
         <name>labs.c.obj</name>
      </input_file>
      <input_file id="fl-43">
         <path>C:\ti\ccstheia141\ccs\tools\compiler\ti-cgt-armllvm_3.2.2.LTS\lib\armv6m-ti-none-eabi\c\</path>
         <kind>archive</kind>
         <file>libc.a</file>
         <name>boot_cortex_m.c.obj</name>
      </input_file>
      <input_file id="fl-44">
         <path>C:\ti\ccstheia141\ccs\tools\compiler\ti-cgt-armllvm_3.2.2.LTS\lib\armv6m-ti-none-eabi\c\</path>
         <kind>archive</kind>
         <file>libc.a</file>
         <name>mathacl_init.c.obj</name>
      </input_file>
      <input_file id="fl-45">
         <path>C:\ti\ccstheia141\ccs\tools\compiler\ti-cgt-armllvm_3.2.2.LTS\lib\armv6m-ti-none-eabi\c\</path>
         <kind>archive</kind>
         <file>libc.a</file>
         <name>autoinit.c.obj</name>
      </input_file>
      <input_file id="fl-46">
         <path>C:\ti\ccstheia141\ccs\tools\compiler\ti-cgt-armllvm_3.2.2.LTS\lib\armv6m-ti-none-eabi\c\</path>
         <kind>archive</kind>
         <file>libc.a</file>
         <name>pre_init.c.obj</name>
      </input_file>
      <input_file id="fl-47">
         <path>C:\ti\ccstheia141\ccs\tools\compiler\ti-cgt-armllvm_3.2.2.LTS\lib\armv6m-ti-none-eabi\c\</path>
         <kind>archive</kind>
         <file>libc.a</file>
         <name>cpy_tbl.c.obj</name>
      </input_file>
      <input_file id="fl-48">
         <path>C:\ti\ccstheia141\ccs\tools\compiler\ti-cgt-armllvm_3.2.2.LTS\lib\armv6m-ti-none-eabi\c\</path>
         <kind>archive</kind>
         <file>libc.a</file>
         <name>copy_zero_init.c.obj</name>
      </input_file>
      <input_file id="fl-49">
         <path>C:\ti\ccstheia141\ccs\tools\compiler\ti-cgt-armllvm_3.2.2.LTS\lib\armv6m-ti-none-eabi\c\</path>
         <kind>archive</kind>
         <file>libc.a</file>
         <name>copy_decompress_none.c.obj</name>
      </input_file>
      <input_file id="fl-4a">
         <path>C:\ti\ccstheia141\ccs\tools\compiler\ti-cgt-armllvm_3.2.2.LTS\lib\armv6m-ti-none-eabi\c\</path>
         <kind>archive</kind>
         <file>libc.a</file>
         <name>copy_decompress_lzss.c.obj</name>
      </input_file>
      <input_file id="fl-4b">
         <path>C:\ti\ccstheia141\ccs\tools\compiler\ti-cgt-armllvm_3.2.2.LTS\lib\armv6m-ti-none-eabi\c\</path>
         <kind>archive</kind>
         <file>libc.a</file>
         <name>wcslen.c.obj</name>
      </input_file>
      <input_file id="fl-4c">
         <path>C:\ti\ccstheia141\ccs\tools\compiler\ti-cgt-armllvm_3.2.2.LTS\lib\armv6m-ti-none-eabi\c\</path>
         <kind>archive</kind>
         <file>libc.a</file>
         <name>_scanfi.c.obj</name>
      </input_file>
      <input_file id="fl-4d">
         <path>C:\ti\ccstheia141\ccs\tools\compiler\ti-cgt-armllvm_3.2.2.LTS\lib\armv6m-ti-none-eabi\c\</path>
         <kind>archive</kind>
         <file>libc.a</file>
         <name>fflush.c.obj</name>
      </input_file>
      <input_file id="fl-4e">
         <path>C:\ti\ccstheia141\ccs\tools\compiler\ti-cgt-armllvm_3.2.2.LTS\lib\armv6m-ti-none-eabi\c\</path>
         <kind>archive</kind>
         <file>libc.a</file>
         <name>exit.c.obj</name>
      </input_file>
      <input_file id="fl-4f">
         <path>C:\ti\ccstheia141\ccs\tools\compiler\ti-cgt-armllvm_3.2.2.LTS\lib\armv6m-ti-none-eabi\c\</path>
         <kind>archive</kind>
         <file>libc.a</file>
         <name>args_main.c.obj</name>
      </input_file>
      <input_file id="fl-50">
         <path>C:\ti\ccstheia141\ccs\tools\compiler\ti-cgt-armllvm_3.2.2.LTS\lib\armv6m-ti-none-eabi\c\</path>
         <kind>archive</kind>
         <file>libc.a</file>
         <name>strtod.c.obj</name>
      </input_file>
      <input_file id="fl-51">
         <path>C:\ti\ccstheia141\ccs\tools\compiler\ti-cgt-armllvm_3.2.2.LTS\lib\armv6m-ti-none-eabi\c\</path>
         <kind>archive</kind>
         <file>libc.a</file>
         <name>strtol.c.obj</name>
      </input_file>
      <input_file id="fl-52">
         <path>C:\ti\ccstheia141\ccs\tools\compiler\ti-cgt-armllvm_3.2.2.LTS\lib\armv6m-ti-none-eabi\c\</path>
         <kind>archive</kind>
         <file>libc.a</file>
         <name>strtoll.c.obj</name>
      </input_file>
      <input_file id="fl-53">
         <path>C:\ti\ccstheia141\ccs\tools\compiler\ti-cgt-armllvm_3.2.2.LTS\lib\armv6m-ti-none-eabi\c\</path>
         <kind>archive</kind>
         <file>libc.a</file>
         <name>strtoul.c.obj</name>
      </input_file>
      <input_file id="fl-54">
         <path>C:\ti\ccstheia141\ccs\tools\compiler\ti-cgt-armllvm_3.2.2.LTS\lib\armv6m-ti-none-eabi\c\</path>
         <kind>archive</kind>
         <file>libc.a</file>
         <name>strtoull.c.obj</name>
      </input_file>
      <input_file id="fl-ba">
         <path>C:\ti\ccstheia141\ccs\tools\compiler\ti-cgt-armllvm_3.2.2.LTS\lib\armv6m-ti-none-eabi\c\</path>
         <kind>archive</kind>
         <file>libsysbm.a</file>
         <name>write.c.obj</name>
      </input_file>
      <input_file id="fl-bb">
         <path>C:\ti\ccstheia141\ccs\tools\compiler\ti-cgt-armllvm_3.2.2.LTS\lib\armv6m-ti-none-eabi\c\</path>
         <kind>archive</kind>
         <file>libsysbm.a</file>
         <name>host_device.c.obj</name>
      </input_file>
      <input_file id="fl-bc">
         <path>C:\ti\ccstheia141\ccs\tools\compiler\ti-cgt-armllvm_3.2.2.LTS\lib\armv6m-ti-none-eabi\c\</path>
         <kind>archive</kind>
         <file>libsysbm.a</file>
         <name>hostclose.c.obj</name>
      </input_file>
      <input_file id="fl-bd">
         <path>C:\ti\ccstheia141\ccs\tools\compiler\ti-cgt-armllvm_3.2.2.LTS\lib\armv6m-ti-none-eabi\c\</path>
         <kind>archive</kind>
         <file>libsysbm.a</file>
         <name>hostlseek.c.obj</name>
      </input_file>
      <input_file id="fl-be">
         <path>C:\ti\ccstheia141\ccs\tools\compiler\ti-cgt-armllvm_3.2.2.LTS\lib\armv6m-ti-none-eabi\c\</path>
         <kind>archive</kind>
         <file>libsysbm.a</file>
         <name>hostopen.c.obj</name>
      </input_file>
      <input_file id="fl-bf">
         <path>C:\ti\ccstheia141\ccs\tools\compiler\ti-cgt-armllvm_3.2.2.LTS\lib\armv6m-ti-none-eabi\c\</path>
         <kind>archive</kind>
         <file>libsysbm.a</file>
         <name>hostread.c.obj</name>
      </input_file>
      <input_file id="fl-c0">
         <path>C:\ti\ccstheia141\ccs\tools\compiler\ti-cgt-armllvm_3.2.2.LTS\lib\armv6m-ti-none-eabi\c\</path>
         <kind>archive</kind>
         <file>libsysbm.a</file>
         <name>hostrename.c.obj</name>
      </input_file>
      <input_file id="fl-c1">
         <path>C:\ti\ccstheia141\ccs\tools\compiler\ti-cgt-armllvm_3.2.2.LTS\lib\armv6m-ti-none-eabi\c\</path>
         <kind>archive</kind>
         <file>libsysbm.a</file>
         <name>hostunlink.c.obj</name>
      </input_file>
      <input_file id="fl-c2">
         <path>C:\ti\ccstheia141\ccs\tools\compiler\ti-cgt-armllvm_3.2.2.LTS\lib\armv6m-ti-none-eabi\c\</path>
         <kind>archive</kind>
         <file>libsysbm.a</file>
         <name>hostwrite.c.obj</name>
      </input_file>
      <input_file id="fl-c3">
         <path>C:\ti\ccstheia141\ccs\tools\compiler\ti-cgt-armllvm_3.2.2.LTS\lib\armv6m-ti-none-eabi\c\</path>
         <kind>archive</kind>
         <file>libsysbm.a</file>
         <name>trgmsg.c.obj</name>
      </input_file>
      <input_file id="fl-c4">
         <path>C:\ti\ccstheia141\ccs\tools\compiler\ti-cgt-armllvm_3.2.2.LTS\lib\clang\15.0.7\lib\armv6m-ti-none-eabi\</path>
         <kind>archive</kind>
         <file>libclang_rt.builtins.a</file>
         <name>addsf3.S.obj</name>
      </input_file>
      <input_file id="fl-c5">
         <path>C:\ti\ccstheia141\ccs\tools\compiler\ti-cgt-armllvm_3.2.2.LTS\lib\clang\15.0.7\lib\armv6m-ti-none-eabi\</path>
         <kind>archive</kind>
         <file>libclang_rt.builtins.a</file>
         <name>adddf3.S.obj</name>
      </input_file>
      <input_file id="fl-c6">
         <path>C:\ti\ccstheia141\ccs\tools\compiler\ti-cgt-armllvm_3.2.2.LTS\lib\clang\15.0.7\lib\armv6m-ti-none-eabi\</path>
         <kind>archive</kind>
         <file>libclang_rt.builtins.a</file>
         <name>muldf3.S.obj</name>
      </input_file>
      <input_file id="fl-c7">
         <path>C:\ti\ccstheia141\ccs\tools\compiler\ti-cgt-armllvm_3.2.2.LTS\lib\clang\15.0.7\lib\armv6m-ti-none-eabi\</path>
         <kind>archive</kind>
         <file>libclang_rt.builtins.a</file>
         <name>muldsi3.S.obj</name>
      </input_file>
      <input_file id="fl-c8">
         <path>C:\ti\ccstheia141\ccs\tools\compiler\ti-cgt-armllvm_3.2.2.LTS\lib\clang\15.0.7\lib\armv6m-ti-none-eabi\</path>
         <kind>archive</kind>
         <file>libclang_rt.builtins.a</file>
         <name>mulsf3.S.obj</name>
      </input_file>
      <input_file id="fl-c9">
         <path>C:\ti\ccstheia141\ccs\tools\compiler\ti-cgt-armllvm_3.2.2.LTS\lib\clang\15.0.7\lib\armv6m-ti-none-eabi\</path>
         <kind>archive</kind>
         <file>libclang_rt.builtins.a</file>
         <name>divsf3.S.obj</name>
      </input_file>
      <input_file id="fl-ca">
         <path>C:\ti\ccstheia141\ccs\tools\compiler\ti-cgt-armllvm_3.2.2.LTS\lib\clang\15.0.7\lib\armv6m-ti-none-eabi\</path>
         <kind>archive</kind>
         <file>libclang_rt.builtins.a</file>
         <name>divdf3.S.obj</name>
      </input_file>
      <input_file id="fl-cb">
         <path>C:\ti\ccstheia141\ccs\tools\compiler\ti-cgt-armllvm_3.2.2.LTS\lib\clang\15.0.7\lib\armv6m-ti-none-eabi\</path>
         <kind>archive</kind>
         <file>libclang_rt.builtins.a</file>
         <name>extendsfdf2.S.obj</name>
      </input_file>
      <input_file id="fl-cc">
         <path>C:\ti\ccstheia141\ccs\tools\compiler\ti-cgt-armllvm_3.2.2.LTS\lib\clang\15.0.7\lib\armv6m-ti-none-eabi\</path>
         <kind>archive</kind>
         <file>libclang_rt.builtins.a</file>
         <name>fixdfsi.S.obj</name>
      </input_file>
      <input_file id="fl-cd">
         <path>C:\ti\ccstheia141\ccs\tools\compiler\ti-cgt-armllvm_3.2.2.LTS\lib\clang\15.0.7\lib\armv6m-ti-none-eabi\</path>
         <kind>archive</kind>
         <file>libclang_rt.builtins.a</file>
         <name>fixsfsi.S.obj</name>
      </input_file>
      <input_file id="fl-ce">
         <path>C:\ti\ccstheia141\ccs\tools\compiler\ti-cgt-armllvm_3.2.2.LTS\lib\clang\15.0.7\lib\armv6m-ti-none-eabi\</path>
         <kind>archive</kind>
         <file>libclang_rt.builtins.a</file>
         <name>floatsidf.S.obj</name>
      </input_file>
      <input_file id="fl-cf">
         <path>C:\ti\ccstheia141\ccs\tools\compiler\ti-cgt-armllvm_3.2.2.LTS\lib\clang\15.0.7\lib\armv6m-ti-none-eabi\</path>
         <kind>archive</kind>
         <file>libclang_rt.builtins.a</file>
         <name>floatsisf.S.obj</name>
      </input_file>
      <input_file id="fl-d0">
         <path>C:\ti\ccstheia141\ccs\tools\compiler\ti-cgt-armllvm_3.2.2.LTS\lib\clang\15.0.7\lib\armv6m-ti-none-eabi\</path>
         <kind>archive</kind>
         <file>libclang_rt.builtins.a</file>
         <name>floatunsisf.S.obj</name>
      </input_file>
      <input_file id="fl-d1">
         <path>C:\ti\ccstheia141\ccs\tools\compiler\ti-cgt-armllvm_3.2.2.LTS\lib\clang\15.0.7\lib\armv6m-ti-none-eabi\</path>
         <kind>archive</kind>
         <file>libclang_rt.builtins.a</file>
         <name>muldi3.S.obj</name>
      </input_file>
      <input_file id="fl-d2">
         <path>C:\ti\ccstheia141\ccs\tools\compiler\ti-cgt-armllvm_3.2.2.LTS\lib\clang\15.0.7\lib\armv6m-ti-none-eabi\</path>
         <kind>archive</kind>
         <file>libclang_rt.builtins.a</file>
         <name>truncdfsf2.S.obj</name>
      </input_file>
      <input_file id="fl-d3">
         <path>C:\ti\ccstheia141\ccs\tools\compiler\ti-cgt-armllvm_3.2.2.LTS\lib\clang\15.0.7\lib\armv6m-ti-none-eabi\</path>
         <kind>archive</kind>
         <file>libclang_rt.builtins.a</file>
         <name>aeabi_dcmp.S.obj</name>
      </input_file>
      <input_file id="fl-d4">
         <path>C:\ti\ccstheia141\ccs\tools\compiler\ti-cgt-armllvm_3.2.2.LTS\lib\clang\15.0.7\lib\armv6m-ti-none-eabi\</path>
         <kind>archive</kind>
         <file>libclang_rt.builtins.a</file>
         <name>aeabi_fcmp.S.obj</name>
      </input_file>
      <input_file id="fl-d5">
         <path>C:\ti\ccstheia141\ccs\tools\compiler\ti-cgt-armllvm_3.2.2.LTS\lib\clang\15.0.7\lib\armv6m-ti-none-eabi\</path>
         <kind>archive</kind>
         <file>libclang_rt.builtins.a</file>
         <name>aeabi_idivmod.S.obj</name>
      </input_file>
      <input_file id="fl-d6">
         <path>C:\ti\ccstheia141\ccs\tools\compiler\ti-cgt-armllvm_3.2.2.LTS\lib\clang\15.0.7\lib\armv6m-ti-none-eabi\</path>
         <kind>archive</kind>
         <file>libclang_rt.builtins.a</file>
         <name>aeabi_ldivmod.S.obj</name>
      </input_file>
      <input_file id="fl-d7">
         <path>C:\ti\ccstheia141\ccs\tools\compiler\ti-cgt-armllvm_3.2.2.LTS\lib\clang\15.0.7\lib\armv6m-ti-none-eabi\</path>
         <kind>archive</kind>
         <file>libclang_rt.builtins.a</file>
         <name>aeabi_memcpy.S.obj</name>
      </input_file>
      <input_file id="fl-d8">
         <path>C:\ti\ccstheia141\ccs\tools\compiler\ti-cgt-armllvm_3.2.2.LTS\lib\clang\15.0.7\lib\armv6m-ti-none-eabi\</path>
         <kind>archive</kind>
         <file>libclang_rt.builtins.a</file>
         <name>aeabi_memset.S.obj</name>
      </input_file>
      <input_file id="fl-d9">
         <path>C:\ti\ccstheia141\ccs\tools\compiler\ti-cgt-armllvm_3.2.2.LTS\lib\clang\15.0.7\lib\armv6m-ti-none-eabi\</path>
         <kind>archive</kind>
         <file>libclang_rt.builtins.a</file>
         <name>aeabi_uidivmod.S.obj</name>
      </input_file>
      <input_file id="fl-da">
         <path>C:\ti\ccstheia141\ccs\tools\compiler\ti-cgt-armllvm_3.2.2.LTS\lib\clang\15.0.7\lib\armv6m-ti-none-eabi\</path>
         <kind>archive</kind>
         <file>libclang_rt.builtins.a</file>
         <name>aeabi_uldivmod.S.obj</name>
      </input_file>
      <input_file id="fl-db">
         <path>C:\ti\ccstheia141\ccs\tools\compiler\ti-cgt-armllvm_3.2.2.LTS\lib\clang\15.0.7\lib\armv6m-ti-none-eabi\</path>
         <kind>archive</kind>
         <file>libclang_rt.builtins.a</file>
         <name>comparesf2.S.obj</name>
      </input_file>
      <input_file id="fl-dc">
         <path>C:\ti\ccstheia141\ccs\tools\compiler\ti-cgt-armllvm_3.2.2.LTS\lib\clang\15.0.7\lib\armv6m-ti-none-eabi\</path>
         <kind>archive</kind>
         <file>libclang_rt.builtins.a</file>
         <name>udivmoddi4.S.obj</name>
      </input_file>
      <input_file id="fl-dd">
         <path>C:\ti\ccstheia141\ccs\tools\compiler\ti-cgt-armllvm_3.2.2.LTS\lib\clang\15.0.7\lib\armv6m-ti-none-eabi\</path>
         <kind>archive</kind>
         <file>libclang_rt.builtins.a</file>
         <name>ashldi3.S.obj</name>
      </input_file>
      <input_file id="fl-de">
         <path>C:\ti\ccstheia141\ccs\tools\compiler\ti-cgt-armllvm_3.2.2.LTS\lib\clang\15.0.7\lib\armv6m-ti-none-eabi\</path>
         <kind>archive</kind>
         <file>libclang_rt.builtins.a</file>
         <name>comparedf2.c.obj</name>
      </input_file>
      <input_file id="fl-df">
         <path>C:\ti\ccstheia141\ccs\tools\compiler\ti-cgt-armllvm_3.2.2.LTS\lib\clang\15.0.7\lib\armv6m-ti-none-eabi\</path>
         <kind>archive</kind>
         <file>libclang_rt.builtins.a</file>
         <name>divmoddi4.c.obj</name>
      </input_file>
      <input_file id="fl-e0">
         <path>C:\ti\ccstheia141\ccs\tools\compiler\ti-cgt-armllvm_3.2.2.LTS\lib\clang\15.0.7\lib\armv6m-ti-none-eabi\</path>
         <kind>archive</kind>
         <file>libclang_rt.builtins.a</file>
         <name>aeabi_div0.c.obj</name>
      </input_file>
      <input_file id="fl-e1">
         <path>C:\ti\ccstheia141\ccs\tools\compiler\ti-cgt-armllvm_3.2.2.LTS\lib\armv6m-ti-none-eabi\c\</path>
         <kind>archive</kind>
         <file>libc.a</file>
         <name>memcpy16.S.obj</name>
      </input_file>
      <input_file id="fl-e2">
         <path>C:\ti\ccstheia141\ccs\tools\compiler\ti-cgt-armllvm_3.2.2.LTS\lib\armv6m-ti-none-eabi\c\</path>
         <kind>archive</kind>
         <file>libc.a</file>
         <name>memset16.S.obj</name>
      </input_file>
   </input_file_list>
   <object_component_list>
      <object_component id="oc-18">
         <name>.intvecs</name>
         <load_address>0x0</load_address>
         <readonly>true</readonly>
         <run_address>0x0</run_address>
         <size>0xc0</size>
         <alignment>0x4</alignment>
         <input_file_ref idref="fl-3"/>
      </object_component>
      <object_component id="oc-141">
         <name>.text.__TI_scanfi</name>
         <load_address>0xc0</load_address>
         <readonly>true</readonly>
         <executable>true</executable>
         <run_address>0xc0</run_address>
         <size>0xc38</size>
         <alignment>0x4</alignment>
         <input_file_ref idref="fl-4c"/>
      </object_component>
      <object_component id="oc-226">
         <name>.text:__TI_printfi</name>
         <load_address>0xcf8</load_address>
         <readonly>true</readonly>
         <executable>true</executable>
         <run_address>0xcf8</run_address>
         <size>0xa00</size>
         <alignment>0x4</alignment>
         <input_file_ref idref="fl-2e"/>
      </object_component>
      <object_component id="oc-ab">
         <name>.text.main</name>
         <load_address>0x16f8</load_address>
         <readonly>true</readonly>
         <executable>true</executable>
         <run_address>0x16f8</run_address>
         <size>0x4e0</size>
         <alignment>0x4</alignment>
         <input_file_ref idref="fl-1"/>
      </object_component>
      <object_component id="oc-1bc">
         <name>.text.strtod</name>
         <load_address>0x1bd8</load_address>
         <readonly>true</readonly>
         <executable>true</executable>
         <run_address>0x1bd8</run_address>
         <size>0x3b8</size>
         <alignment>0x4</alignment>
         <input_file_ref idref="fl-50"/>
      </object_component>
      <object_component id="oc-293">
         <name>.text._pconv_a</name>
         <load_address>0x1f90</load_address>
         <readonly>true</readonly>
         <executable>true</executable>
         <run_address>0x1f90</run_address>
         <size>0x220</size>
         <alignment>0x4</alignment>
         <input_file_ref idref="fl-2e"/>
      </object_component>
      <object_component id="oc-1cf">
         <name>.text.strtoll</name>
         <load_address>0x21b0</load_address>
         <readonly>true</readonly>
         <executable>true</executable>
         <run_address>0x21b0</run_address>
         <size>0x1e4</size>
         <alignment>0x4</alignment>
         <input_file_ref idref="fl-52"/>
      </object_component>
      <object_component id="oc-296">
         <name>.text._pconv_g</name>
         <load_address>0x2394</load_address>
         <readonly>true</readonly>
         <executable>true</executable>
         <run_address>0x2394</run_address>
         <size>0x1dc</size>
         <alignment>0x4</alignment>
         <input_file_ref idref="fl-2e"/>
      </object_component>
      <object_component id="oc-34">
         <name>.text.GROUP1_IRQHandler</name>
         <load_address>0x2570</load_address>
         <readonly>true</readonly>
         <executable>true</executable>
         <run_address>0x2570</run_address>
         <size>0x1d8</size>
         <alignment>0x4</alignment>
         <input_file_ref idref="fl-7"/>
      </object_component>
      <object_component id="oc-15b">
         <name>.text.SYSCFG_DL_GPIO_init</name>
         <load_address>0x2748</load_address>
         <readonly>true</readonly>
         <executable>true</executable>
         <run_address>0x2748</run_address>
         <size>0x1c4</size>
         <alignment>0x4</alignment>
         <input_file_ref idref="fl-2"/>
      </object_component>
      <object_component id="oc-248">
         <name>.text.adddf3_subdf3</name>
         <load_address>0x290c</load_address>
         <readonly>true</readonly>
         <executable>true</executable>
         <run_address>0x290c</run_address>
         <size>0x192</size>
         <alignment>0x4</alignment>
         <input_file_ref idref="fl-c5"/>
      </object_component>
      <object_component id="oc-232">
         <name>.text.__aeabi_idiv0</name>
         <load_address>0x2a9e</load_address>
         <readonly>true</readonly>
         <executable>true</executable>
         <run_address>0x2a9e</run_address>
         <size>0x2</size>
         <alignment>0x2</alignment>
         <input_file_ref idref="fl-e0"/>
      </object_component>
      <object_component id="oc-1cb">
         <name>.text.strtoull</name>
         <load_address>0x2aa0</load_address>
         <readonly>true</readonly>
         <executable>true</executable>
         <run_address>0x2aa0</run_address>
         <size>0x178</size>
         <alignment>0x4</alignment>
         <input_file_ref idref="fl-54"/>
      </object_component>
      <object_component id="oc-77">
         <name>.text.parse_received_data</name>
         <load_address>0x2c18</load_address>
         <readonly>true</readonly>
         <executable>true</executable>
         <run_address>0x2c18</run_address>
         <size>0x16c</size>
         <alignment>0x4</alignment>
         <input_file_ref idref="fl-6"/>
      </object_component>
      <object_component id="oc-119">
         <name>.text.read_lines</name>
         <load_address>0x2d84</load_address>
         <readonly>true</readonly>
         <executable>true</executable>
         <run_address>0x2d84</run_address>
         <size>0x160</size>
         <alignment>0x4</alignment>
         <input_file_ref idref="fl-c"/>
      </object_component>
      <object_component id="oc-1c7">
         <name>.text.strtol</name>
         <load_address>0x2ee4</load_address>
         <readonly>true</readonly>
         <executable>true</executable>
         <run_address>0x2ee4</run_address>
         <size>0x158</size>
         <alignment>0x4</alignment>
         <input_file_ref idref="fl-51"/>
      </object_component>
      <object_component id="oc-2cf">
         <name>.text.fcvt</name>
         <load_address>0x303c</load_address>
         <readonly>true</readonly>
         <executable>true</executable>
         <run_address>0x303c</run_address>
         <size>0x13c</size>
         <alignment>0x4</alignment>
         <input_file_ref idref="fl-2e"/>
      </object_component>
      <object_component id="oc-3f">
         <name>.text.TIMA0_IRQHandler</name>
         <load_address>0x3178</load_address>
         <readonly>true</readonly>
         <executable>true</executable>
         <run_address>0x3178</run_address>
         <size>0x12c</size>
         <alignment>0x4</alignment>
         <input_file_ref idref="fl-1"/>
      </object_component>
      <object_component id="oc-1c3">
         <name>.text.strtoul</name>
         <load_address>0x32a4</load_address>
         <readonly>true</readonly>
         <executable>true</executable>
         <run_address>0x32a4</run_address>
         <size>0x128</size>
         <alignment>0x4</alignment>
         <input_file_ref idref="fl-53"/>
      </object_component>
      <object_component id="oc-294">
         <name>.text._pconv_e</name>
         <load_address>0x33cc</load_address>
         <readonly>true</readonly>
         <executable>true</executable>
         <run_address>0x33cc</run_address>
         <size>0x120</size>
         <alignment>0x4</alignment>
         <input_file_ref idref="fl-2e"/>
      </object_component>
      <object_component id="oc-21e">
         <name>.text.OLED_ShowChar</name>
         <load_address>0x34ec</load_address>
         <readonly>true</readonly>
         <executable>true</executable>
         <run_address>0x34ec</run_address>
         <size>0x118</size>
         <alignment>0x4</alignment>
         <input_file_ref idref="fl-e"/>
      </object_component>
      <object_component id="oc-8f">
         <name>.text.Set_PWM</name>
         <load_address>0x3604</load_address>
         <readonly>true</readonly>
         <executable>true</executable>
         <run_address>0x3604</run_address>
         <size>0x10c</size>
         <alignment>0x4</alignment>
         <input_file_ref idref="fl-d"/>
      </object_component>
      <object_component id="oc-172">
         <name>.text.__divdf3</name>
         <load_address>0x3710</load_address>
         <readonly>true</readonly>
         <executable>true</executable>
         <run_address>0x3710</run_address>
         <size>0x10c</size>
         <alignment>0x4</alignment>
         <input_file_ref idref="fl-ca"/>
      </object_component>
      <object_component id="oc-8d">
         <name>.text.Velocity_A</name>
         <load_address>0x381c</load_address>
         <readonly>true</readonly>
         <executable>true</executable>
         <run_address>0x381c</run_address>
         <size>0xfc</size>
         <alignment>0x4</alignment>
         <input_file_ref idref="fl-d"/>
      </object_component>
      <object_component id="oc-8e">
         <name>.text.Velocity_B</name>
         <load_address>0x3918</load_address>
         <readonly>true</readonly>
         <executable>true</executable>
         <run_address>0x3918</run_address>
         <size>0xfc</size>
         <alignment>0x4</alignment>
         <input_file_ref idref="fl-d"/>
      </object_component>
      <object_component id="oc-fb">
         <name>.text.OLED_Init</name>
         <load_address>0x3a14</load_address>
         <readonly>true</readonly>
         <executable>true</executable>
         <run_address>0x3a14</run_address>
         <size>0xfa</size>
         <alignment>0x2</alignment>
         <input_file_ref idref="fl-e"/>
      </object_component>
      <object_component id="oc-2d5">
         <name>.text.__aeabi_ldiv0</name>
         <load_address>0x3b0e</load_address>
         <readonly>true</readonly>
         <executable>true</executable>
         <run_address>0x3b0e</run_address>
         <size>0x2</size>
         <alignment>0x2</alignment>
         <input_file_ref idref="fl-e0"/>
      </object_component>
      <object_component id="oc-1fb">
         <name>.text.DL_Timer_initTimerMode</name>
         <load_address>0x3b10</load_address>
         <readonly>true</readonly>
         <executable>true</executable>
         <run_address>0x3b10</run_address>
         <size>0xe8</size>
         <alignment>0x4</alignment>
         <input_file_ref idref="fl-1d"/>
      </object_component>
      <object_component id="oc-244">
         <name>.text.__muldf3</name>
         <load_address>0x3bf8</load_address>
         <readonly>true</readonly>
         <executable>true</executable>
         <run_address>0x3bf8</run_address>
         <size>0xe4</size>
         <alignment>0x4</alignment>
         <input_file_ref idref="fl-c6"/>
      </object_component>
      <object_component id="oc-255">
         <name>.text.scalbn</name>
         <load_address>0x3cdc</load_address>
         <readonly>true</readonly>
         <executable>true</executable>
         <run_address>0x3cdc</run_address>
         <size>0xd8</size>
         <alignment>0x4</alignment>
         <input_file_ref idref="fl-36"/>
      </object_component>
      <object_component id="oc-85">
         <name>.text</name>
         <load_address>0x3db4</load_address>
         <readonly>true</readonly>
         <executable>true</executable>
         <run_address>0x3db4</run_address>
         <size>0xd8</size>
         <alignment>0x4</alignment>
         <input_file_ref idref="fl-c4"/>
      </object_component>
      <object_component id="oc-16c">
         <name>.text.Check</name>
         <load_address>0x3e8c</load_address>
         <readonly>true</readonly>
         <executable>true</executable>
         <run_address>0x3e8c</run_address>
         <size>0xcc</size>
         <alignment>0x4</alignment>
         <input_file_ref idref="fl-6"/>
      </object_component>
      <object_component id="oc-7c">
         <name>.text.yaw2vel</name>
         <load_address>0x3f58</load_address>
         <readonly>true</readonly>
         <executable>true</executable>
         <run_address>0x3f58</run_address>
         <size>0xcc</size>
         <alignment>0x4</alignment>
         <input_file_ref idref="fl-d"/>
      </object_component>
      <object_component id="oc-27d">
         <name>.text.DL_Timer_initPWMMode</name>
         <load_address>0x4024</load_address>
         <readonly>true</readonly>
         <executable>true</executable>
         <run_address>0x4024</run_address>
         <size>0xc4</size>
         <alignment>0x4</alignment>
         <input_file_ref idref="fl-1d"/>
      </object_component>
      <object_component id="oc-105">
         <name>.text.Get_Angle</name>
         <load_address>0x40e8</load_address>
         <readonly>true</readonly>
         <executable>true</executable>
         <run_address>0x40e8</run_address>
         <size>0xc4</size>
         <alignment>0x4</alignment>
         <input_file_ref idref="fl-1"/>
      </object_component>
      <object_component id="oc-106">
         <name>.text.Key_GetNum</name>
         <load_address>0x41ac</load_address>
         <readonly>true</readonly>
         <executable>true</executable>
         <run_address>0x41ac</run_address>
         <size>0xb4</size>
         <alignment>0x4</alignment>
         <input_file_ref idref="fl-b"/>
      </object_component>
      <object_component id="oc-39">
         <name>.text.UART2_IRQHandler</name>
         <load_address>0x4260</load_address>
         <readonly>true</readonly>
         <executable>true</executable>
         <run_address>0x4260</run_address>
         <size>0xb0</size>
         <alignment>0x4</alignment>
         <input_file_ref idref="fl-6"/>
      </object_component>
      <object_component id="oc-16d">
         <name>.text.send_out</name>
         <load_address>0x4310</load_address>
         <readonly>true</readonly>
         <executable>true</executable>
         <run_address>0x4310</run_address>
         <size>0xac</size>
         <alignment>0x2</alignment>
         <input_file_ref idref="fl-6"/>
      </object_component>
      <object_component id="oc-2b2">
         <name>.text</name>
         <load_address>0x43bc</load_address>
         <readonly>true</readonly>
         <executable>true</executable>
         <run_address>0x43bc</run_address>
         <size>0xa2</size>
         <alignment>0x4</alignment>
         <input_file_ref idref="fl-dc"/>
      </object_component>
      <object_component id="oc-227">
         <name>.text._nop</name>
         <load_address>0x445e</load_address>
         <readonly>true</readonly>
         <executable>true</executable>
         <run_address>0x445e</run_address>
         <size>0x2</size>
         <alignment>0x2</alignment>
         <input_file_ref idref="fl-39"/>
      </object_component>
      <object_component id="oc-11a">
         <name>.text.calculate_speed_difference</name>
         <load_address>0x4460</load_address>
         <readonly>true</readonly>
         <executable>true</executable>
         <run_address>0x4460</run_address>
         <size>0x94</size>
         <alignment>0x4</alignment>
         <input_file_ref idref="fl-c"/>
      </object_component>
      <object_component id="oc-cc">
         <name>.text.__mulsf3</name>
         <load_address>0x44f4</load_address>
         <readonly>true</readonly>
         <executable>true</executable>
         <run_address>0x44f4</run_address>
         <size>0x8c</size>
         <alignment>0x4</alignment>
         <input_file_ref idref="fl-c8"/>
      </object_component>
      <object_component id="oc-3e">
         <name>.text.UART0_IRQHandler</name>
         <load_address>0x4580</load_address>
         <readonly>true</readonly>
         <executable>true</executable>
         <run_address>0x4580</run_address>
         <size>0x84</size>
         <alignment>0x4</alignment>
         <input_file_ref idref="fl-6"/>
      </object_component>
      <object_component id="oc-1f4">
         <name>.text.DL_TimerA_initPWMMode</name>
         <load_address>0x4604</load_address>
         <readonly>true</readonly>
         <executable>true</executable>
         <run_address>0x4604</run_address>
         <size>0x80</size>
         <alignment>0x4</alignment>
         <input_file_ref idref="fl-1d"/>
      </object_component>
      <object_component id="oc-15d">
         <name>.text.SYSCFG_DL_PWM_0_init</name>
         <load_address>0x4684</load_address>
         <readonly>true</readonly>
         <executable>true</executable>
         <run_address>0x4684</run_address>
         <size>0x80</size>
         <alignment>0x4</alignment>
         <input_file_ref idref="fl-2"/>
      </object_component>
      <object_component id="oc-15a">
         <name>.text.SYSCFG_DL_initPower</name>
         <load_address>0x4704</load_address>
         <readonly>true</readonly>
         <executable>true</executable>
         <run_address>0x4704</run_address>
         <size>0x7c</size>
         <alignment>0x4</alignment>
         <input_file_ref idref="fl-2"/>
      </object_component>
      <object_component id="oc-211">
         <name>.text.Send_Byte</name>
         <load_address>0x4780</load_address>
         <readonly>true</readonly>
         <executable>true</executable>
         <run_address>0x4780</run_address>
         <size>0x7c</size>
         <alignment>0x4</alignment>
         <input_file_ref idref="fl-e"/>
      </object_component>
      <object_component id="oc-1c">
         <name>.text:decompress:lzss</name>
         <load_address>0x47fc</load_address>
         <readonly>true</readonly>
         <executable>true</executable>
         <run_address>0x47fc</run_address>
         <size>0x78</size>
         <alignment>0x4</alignment>
         <input_file_ref idref="fl-4a"/>
      </object_component>
      <object_component id="oc-a2">
         <name>.text.__aeabi_memclr</name>
         <load_address>0x4874</load_address>
         <readonly>true</readonly>
         <executable>true</executable>
         <run_address>0x4874</run_address>
         <size>0xc</size>
         <alignment>0x4</alignment>
         <input_file_ref idref="fl-d8"/>
      </object_component>
      <object_component id="oc-176">
         <name>.text.__truncdfsf2</name>
         <load_address>0x4880</load_address>
         <readonly>true</readonly>
         <executable>true</executable>
         <run_address>0x4880</run_address>
         <size>0x74</size>
         <alignment>0x10</alignment>
         <input_file_ref idref="fl-d2"/>
      </object_component>
      <object_component id="oc-149">
         <name>.text._chkmbc</name>
         <load_address>0x48f4</load_address>
         <readonly>true</readonly>
         <executable>true</executable>
         <run_address>0x48f4</run_address>
         <size>0x74</size>
         <alignment>0x4</alignment>
         <input_file_ref idref="fl-30"/>
      </object_component>
      <object_component id="oc-16a">
         <name>.text.delay_us</name>
         <load_address>0x4968</load_address>
         <readonly>true</readonly>
         <executable>true</executable>
         <run_address>0x4968</run_address>
         <size>0x74</size>
         <alignment>0x4</alignment>
         <input_file_ref idref="fl-6"/>
      </object_component>
      <object_component id="oc-189">
         <name>.text.OLED_ShowString</name>
         <load_address>0x49dc</load_address>
         <readonly>true</readonly>
         <executable>true</executable>
         <run_address>0x49dc</run_address>
         <size>0x70</size>
         <alignment>0x2</alignment>
         <input_file_ref idref="fl-e"/>
      </object_component>
      <object_component id="oc-2a7">
         <name>.text.__gedf2</name>
         <load_address>0x4a4c</load_address>
         <readonly>true</readonly>
         <executable>true</executable>
         <run_address>0x4a4c</run_address>
         <size>0x70</size>
         <alignment>0x4</alignment>
         <input_file_ref idref="fl-de"/>
      </object_component>
      <object_component id="oc-2a1">
         <name>.text.__ledf2</name>
         <load_address>0x4abc</load_address>
         <readonly>true</readonly>
         <executable>true</executable>
         <run_address>0x4abc</run_address>
         <size>0x6c</size>
         <alignment>0x4</alignment>
         <input_file_ref idref="fl-de"/>
      </object_component>
      <object_component id="oc-167">
         <name>.text.OLED_Clear</name>
         <load_address>0x4b28</load_address>
         <readonly>true</readonly>
         <executable>true</executable>
         <run_address>0x4b28</run_address>
         <size>0x6a</size>
         <alignment>0x2</alignment>
         <input_file_ref idref="fl-e"/>
      </object_component>
      <object_component id="oc-118">
         <name>.text.Angle_Init</name>
         <load_address>0x4b94</load_address>
         <readonly>true</readonly>
         <executable>true</executable>
         <run_address>0x4b94</run_address>
         <size>0x68</size>
         <alignment>0x4</alignment>
         <input_file_ref idref="fl-1"/>
      </object_component>
      <object_component id="oc-2cd">
         <name>.text._mcpy</name>
         <load_address>0x4bfc</load_address>
         <readonly>true</readonly>
         <executable>true</executable>
         <run_address>0x4bfc</run_address>
         <size>0x66</size>
         <alignment>0x2</alignment>
         <input_file_ref idref="fl-2e"/>
      </object_component>
      <object_component id="oc-24c">
         <name>.text.__aeabi_dcmp</name>
         <load_address>0x4c64</load_address>
         <readonly>true</readonly>
         <executable>true</executable>
         <run_address>0x4c64</run_address>
         <size>0x62</size>
         <alignment>0x4</alignment>
         <input_file_ref idref="fl-d3"/>
      </object_component>
      <object_component id="oc-11b">
         <name>.text.__aeabi_fcmp</name>
         <load_address>0x4cc8</load_address>
         <readonly>true</readonly>
         <executable>true</executable>
         <run_address>0x4cc8</run_address>
         <size>0x62</size>
         <alignment>0x4</alignment>
         <input_file_ref idref="fl-d4"/>
      </object_component>
      <object_component id="oc-215">
         <name>.text.USART_Send</name>
         <load_address>0x4d2a</load_address>
         <readonly>true</readonly>
         <executable>true</executable>
         <run_address>0x4d2a</run_address>
         <size>0x5e</size>
         <alignment>0x2</alignment>
         <input_file_ref idref="fl-6"/>
      </object_component>
      <object_component id="oc-2bd">
         <name>.text.frexp</name>
         <load_address>0x4d88</load_address>
         <readonly>true</readonly>
         <executable>true</executable>
         <run_address>0x4d88</run_address>
         <size>0x5c</size>
         <alignment>0x4</alignment>
         <input_file_ref idref="fl-35"/>
      </object_component>
      <object_component id="oc-112">
         <name>.text.printf</name>
         <load_address>0x4de4</load_address>
         <readonly>true</readonly>
         <executable>true</executable>
         <run_address>0x4de4</run_address>
         <size>0x5c</size>
         <alignment>0x4</alignment>
         <input_file_ref idref="fl-2d"/>
      </object_component>
      <object_component id="oc-2c5">
         <name>.text.__TI_ltoa</name>
         <load_address>0x4e40</load_address>
         <readonly>true</readonly>
         <executable>true</executable>
         <run_address>0x4e40</run_address>
         <size>0x58</size>
         <alignment>0x2</alignment>
         <input_file_ref idref="fl-3a"/>
      </object_component>
      <object_component id="oc-295">
         <name>.text._pconv_f</name>
         <load_address>0x4e98</load_address>
         <readonly>true</readonly>
         <executable>true</executable>
         <run_address>0x4e98</run_address>
         <size>0x58</size>
         <alignment>0x2</alignment>
         <input_file_ref idref="fl-2e"/>
      </object_component>
      <object_component id="oc-19c">
         <name>.text.__aeabi_idivmod</name>
         <load_address>0x4ef0</load_address>
         <readonly>true</readonly>
         <executable>true</executable>
         <run_address>0x4ef0</run_address>
         <size>0x56</size>
         <alignment>0x4</alignment>
         <input_file_ref idref="fl-d5"/>
      </object_component>
      <object_component id="oc-10b">
         <name>.text.screen_show</name>
         <load_address>0x4f48</load_address>
         <readonly>true</readonly>
         <executable>true</executable>
         <run_address>0x4f48</run_address>
         <size>0x54</size>
         <alignment>0x4</alignment>
         <input_file_ref idref="fl-1"/>
      </object_component>
      <object_component id="oc-2cb">
         <name>.text._ecpy</name>
         <load_address>0x4f9c</load_address>
         <readonly>true</readonly>
         <executable>true</executable>
         <run_address>0x4f9c</run_address>
         <size>0x52</size>
         <alignment>0x2</alignment>
         <input_file_ref idref="fl-2e"/>
      </object_component>
      <object_component id="oc-230">
         <name>.text.fputs</name>
         <load_address>0x4ff0</load_address>
         <readonly>true</readonly>
         <executable>true</executable>
         <run_address>0x4ff0</run_address>
         <size>0x50</size>
         <alignment>0x4</alignment>
         <input_file_ref idref="fl-6"/>
      </object_component>
      <object_component id="oc-166">
         <name>.text.OLED_WR_Byte</name>
         <load_address>0x5040</load_address>
         <readonly>true</readonly>
         <executable>true</executable>
         <run_address>0x5040</run_address>
         <size>0x4e</size>
         <alignment>0x2</alignment>
         <input_file_ref idref="fl-e"/>
      </object_component>
      <object_component id="oc-207">
         <name>.text.DL_UART_setBaudRateDivisor</name>
         <load_address>0x5090</load_address>
         <readonly>true</readonly>
         <executable>true</executable>
         <run_address>0x5090</run_address>
         <size>0x4c</size>
         <alignment>0x4</alignment>
         <input_file_ref idref="fl-2"/>
      </object_component>
      <object_component id="oc-17e">
         <name>.text.Key_Scan</name>
         <load_address>0x50dc</load_address>
         <readonly>true</readonly>
         <executable>true</executable>
         <run_address>0x50dc</run_address>
         <size>0x4c</size>
         <alignment>0x4</alignment>
         <input_file_ref idref="fl-b"/>
      </object_component>
      <object_component id="oc-2c1">
         <name>.text.__fixdfsi</name>
         <load_address>0x5128</load_address>
         <readonly>true</readonly>
         <executable>true</executable>
         <run_address>0x5128</run_address>
         <size>0x4a</size>
         <alignment>0x4</alignment>
         <input_file_ref idref="fl-cc"/>
      </object_component>
      <object_component id="oc-205">
         <name>.text.DL_UART_init</name>
         <load_address>0x5174</load_address>
         <readonly>true</readonly>
         <executable>true</executable>
         <run_address>0x5174</run_address>
         <size>0x48</size>
         <alignment>0x4</alignment>
         <input_file_ref idref="fl-1e"/>
      </object_component>
      <object_component id="oc-15f">
         <name>.text.SYSCFG_DL_UART_0_init</name>
         <load_address>0x51bc</load_address>
         <readonly>true</readonly>
         <executable>true</executable>
         <run_address>0x51bc</run_address>
         <size>0x48</size>
         <alignment>0x4</alignment>
         <input_file_ref idref="fl-2"/>
      </object_component>
      <object_component id="oc-160">
         <name>.text.SYSCFG_DL_UART_1_init</name>
         <load_address>0x5204</load_address>
         <readonly>true</readonly>
         <executable>true</executable>
         <run_address>0x5204</run_address>
         <size>0x48</size>
         <alignment>0x4</alignment>
         <input_file_ref idref="fl-2"/>
      </object_component>
      <object_component id="oc-25d">
         <name>.text.__aeabi_uidivmod</name>
         <load_address>0x524c</load_address>
         <readonly>true</readonly>
         <executable>true</executable>
         <run_address>0x524c</run_address>
         <size>0x40</size>
         <alignment>0x4</alignment>
         <input_file_ref idref="fl-d9"/>
      </object_component>
      <object_component id="oc-10e">
         <name>.text.__extendsfdf2</name>
         <load_address>0x528c</load_address>
         <readonly>true</readonly>
         <executable>true</executable>
         <run_address>0x528c</run_address>
         <size>0x40</size>
         <alignment>0x4</alignment>
         <input_file_ref idref="fl-cb"/>
      </object_component>
      <object_component id="oc-1b2">
         <name>.text.atoi</name>
         <load_address>0x52cc</load_address>
         <readonly>true</readonly>
         <executable>true</executable>
         <run_address>0x52cc</run_address>
         <size>0x40</size>
         <alignment>0x4</alignment>
         <input_file_ref idref="fl-3c"/>
      </object_component>
      <object_component id="oc-210">
         <name>.text.I2C_Start</name>
         <load_address>0x530c</load_address>
         <readonly>true</readonly>
         <executable>true</executable>
         <run_address>0x530c</run_address>
         <size>0x3c</size>
         <alignment>0x4</alignment>
         <input_file_ref idref="fl-e"/>
      </object_component>
      <object_component id="oc-282">
         <name>.text.OLED_Set_Pos</name>
         <load_address>0x5348</load_address>
         <readonly>true</readonly>
         <executable>true</executable>
         <run_address>0x5348</run_address>
         <size>0x3c</size>
         <alignment>0x2</alignment>
         <input_file_ref idref="fl-e"/>
      </object_component>
      <object_component id="oc-81">
         <name>.text.__floatsisf</name>
         <load_address>0x5384</load_address>
         <readonly>true</readonly>
         <executable>true</executable>
         <run_address>0x5384</run_address>
         <size>0x3c</size>
         <alignment>0x4</alignment>
         <input_file_ref idref="fl-cf"/>
      </object_component>
      <object_component id="oc-1a5">
         <name>.text.__gtsf2</name>
         <load_address>0x53c0</load_address>
         <readonly>true</readonly>
         <executable>true</executable>
         <run_address>0x53c0</run_address>
         <size>0x3c</size>
         <alignment>0x4</alignment>
         <input_file_ref idref="fl-db"/>
      </object_component>
      <object_component id="oc-12f">
         <name>.text:__TI_auto_init_nobinit_nopinit</name>
         <load_address>0x53fc</load_address>
         <readonly>true</readonly>
         <executable>true</executable>
         <run_address>0x53fc</run_address>
         <size>0x3c</size>
         <alignment>0x4</alignment>
         <input_file_ref idref="fl-45"/>
      </object_component>
      <object_component id="oc-1a0">
         <name>.text.__eqsf2</name>
         <load_address>0x5438</load_address>
         <readonly>true</readonly>
         <executable>true</executable>
         <run_address>0x5438</run_address>
         <size>0x3a</size>
         <alignment>0x4</alignment>
         <input_file_ref idref="fl-db"/>
      </object_component>
      <object_component id="oc-14c">
         <name>.text.__muldsi3</name>
         <load_address>0x5474</load_address>
         <readonly>true</readonly>
         <executable>true</executable>
         <run_address>0x5474</run_address>
         <size>0x3a</size>
         <alignment>0x4</alignment>
         <input_file_ref idref="fl-c7"/>
      </object_component>
      <object_component id="oc-f6">
         <name>.text.SYSCFG_DL_init</name>
         <load_address>0x54b0</load_address>
         <readonly>true</readonly>
         <executable>true</executable>
         <run_address>0x54b0</run_address>
         <size>0x38</size>
         <alignment>0x4</alignment>
         <input_file_ref idref="fl-2"/>
      </object_component>
      <object_component id="oc-89">
         <name>.text.__fixsfsi</name>
         <load_address>0x54e8</load_address>
         <readonly>true</readonly>
         <executable>true</executable>
         <run_address>0x54e8</run_address>
         <size>0x38</size>
         <alignment>0x4</alignment>
         <input_file_ref idref="fl-cd"/>
      </object_component>
      <object_component id="oc-183">
         <name>.text.sprintf</name>
         <load_address>0x5520</load_address>
         <readonly>true</readonly>
         <executable>true</executable>
         <run_address>0x5520</run_address>
         <size>0x38</size>
         <alignment>0x4</alignment>
         <input_file_ref idref="fl-2f"/>
      </object_component>
      <object_component id="oc-16b">
         <name>.text.USART_Send_bytes</name>
         <load_address>0x5558</load_address>
         <readonly>true</readonly>
         <executable>true</executable>
         <run_address>0x5558</run_address>
         <size>0x36</size>
         <alignment>0x2</alignment>
         <input_file_ref idref="fl-6"/>
      </object_component>
      <object_component id="oc-1e6">
         <name>.text.DL_GPIO_initDigitalInputFeatures</name>
         <load_address>0x5590</load_address>
         <readonly>true</readonly>
         <executable>true</executable>
         <run_address>0x5590</run_address>
         <size>0x34</size>
         <alignment>0x4</alignment>
         <input_file_ref idref="fl-2"/>
      </object_component>
      <object_component id="oc-15e">
         <name>.text.SYSCFG_DL_TIMER_0_init</name>
         <load_address>0x55c4</load_address>
         <readonly>true</readonly>
         <executable>true</executable>
         <run_address>0x55c4</run_address>
         <size>0x34</size>
         <alignment>0x4</alignment>
         <input_file_ref idref="fl-2"/>
      </object_component>
      <object_component id="oc-1e5">
         <name>.text.DL_GPIO_initDigitalOutputFeatures</name>
         <load_address>0x55f8</load_address>
         <readonly>true</readonly>
         <executable>true</executable>
         <run_address>0x55f8</run_address>
         <size>0x30</size>
         <alignment>0x4</alignment>
         <input_file_ref idref="fl-2"/>
      </object_component>
      <object_component id="oc-213">
         <name>.text.I2C_Stop</name>
         <load_address>0x5628</load_address>
         <readonly>true</readonly>
         <executable>true</executable>
         <run_address>0x5628</run_address>
         <size>0x30</size>
         <alignment>0x4</alignment>
         <input_file_ref idref="fl-e"/>
      </object_component>
      <object_component id="oc-212">
         <name>.text.I2C_WaitAck</name>
         <load_address>0x5658</load_address>
         <readonly>true</readonly>
         <executable>true</executable>
         <run_address>0x5658</run_address>
         <size>0x30</size>
         <alignment>0x4</alignment>
         <input_file_ref idref="fl-e"/>
      </object_component>
      <object_component id="oc-2cc">
         <name>.text._fcpy</name>
         <load_address>0x5688</load_address>
         <readonly>true</readonly>
         <executable>true</executable>
         <run_address>0x5688</run_address>
         <size>0x30</size>
         <alignment>0x2</alignment>
         <input_file_ref idref="fl-2e"/>
      </object_component>
      <object_component id="oc-b8">
         <name>.text.sscanf</name>
         <load_address>0x56b8</load_address>
         <readonly>true</readonly>
         <executable>true</executable>
         <run_address>0x56b8</run_address>
         <size>0x30</size>
         <alignment>0x4</alignment>
         <input_file_ref idref="fl-30"/>
      </object_component>
      <object_component id="oc-214">
         <name>.text.USART_send_byte</name>
         <load_address>0x56e8</load_address>
         <readonly>true</readonly>
         <executable>true</executable>
         <run_address>0x56e8</run_address>
         <size>0x2c</size>
         <alignment>0x4</alignment>
         <input_file_ref idref="fl-6"/>
      </object_component>
      <object_component id="oc-101">
         <name>.text.__NVIC_ClearPendingIRQ</name>
         <load_address>0x5714</load_address>
         <readonly>true</readonly>
         <executable>true</executable>
         <run_address>0x5714</run_address>
         <size>0x2c</size>
         <alignment>0x4</alignment>
         <input_file_ref idref="fl-1"/>
      </object_component>
      <object_component id="oc-102">
         <name>.text.__NVIC_EnableIRQ</name>
         <load_address>0x5740</load_address>
         <readonly>true</readonly>
         <executable>true</executable>
         <run_address>0x5740</run_address>
         <size>0x2c</size>
         <alignment>0x4</alignment>
         <input_file_ref idref="fl-1"/>
      </object_component>
      <object_component id="oc-16e">
         <name>.text.__floatsidf</name>
         <load_address>0x576c</load_address>
         <readonly>true</readonly>
         <executable>true</executable>
         <run_address>0x576c</run_address>
         <size>0x2c</size>
         <alignment>0x4</alignment>
         <input_file_ref idref="fl-ce"/>
      </object_component>
      <object_component id="oc-231">
         <name>.text.fputc</name>
         <load_address>0x5798</load_address>
         <readonly>true</readonly>
         <executable>true</executable>
         <run_address>0x5798</run_address>
         <size>0x2c</size>
         <alignment>0x4</alignment>
         <input_file_ref idref="fl-6"/>
      </object_component>
      <object_component id="oc-76">
         <name>.text.uart0_send_char</name>
         <load_address>0x57c4</load_address>
         <readonly>true</readonly>
         <executable>true</executable>
         <run_address>0x57c4</run_address>
         <size>0x2c</size>
         <alignment>0x4</alignment>
         <input_file_ref idref="fl-6"/>
      </object_component>
      <object_component id="oc-27c">
         <name>.text.DL_Common_updateReg</name>
         <load_address>0x57f0</load_address>
         <readonly>true</readonly>
         <executable>true</executable>
         <run_address>0x57f0</run_address>
         <size>0x28</size>
         <alignment>0x2</alignment>
         <input_file_ref idref="fl-2"/>
      </object_component>
      <object_component id="oc-20e">
         <name>.text.DL_SYSTICK_init</name>
         <load_address>0x5818</load_address>
         <readonly>true</readonly>
         <executable>true</executable>
         <run_address>0x5818</run_address>
         <size>0x28</size>
         <alignment>0x4</alignment>
         <input_file_ref idref="fl-2"/>
      </object_component>
      <object_component id="oc-5f">
         <name>.text:_c_int00_noargs</name>
         <load_address>0x5840</load_address>
         <readonly>true</readonly>
         <executable>true</executable>
         <run_address>0x5840</run_address>
         <size>0x28</size>
         <alignment>0x4</alignment>
         <input_file_ref idref="fl-43"/>
      </object_component>
      <object_component id="oc-104">
         <name>.text.send_Instruction</name>
         <load_address>0x5868</load_address>
         <readonly>true</readonly>
         <executable>true</executable>
         <run_address>0x5868</run_address>
         <size>0x26</size>
         <alignment>0x2</alignment>
         <input_file_ref idref="fl-1"/>
      </object_component>
      <object_component id="oc-269">
         <name>.text.__muldi3</name>
         <load_address>0x5890</load_address>
         <readonly>true</readonly>
         <executable>true</executable>
         <run_address>0x5890</run_address>
         <size>0x24</size>
         <alignment>0x4</alignment>
         <input_file_ref idref="fl-d1"/>
      </object_component>
      <object_component id="oc-15c">
         <name>.text.SYSCFG_DL_SYSCTL_init</name>
         <load_address>0x58b4</load_address>
         <readonly>true</readonly>
         <executable>true</executable>
         <run_address>0x58b4</run_address>
         <size>0x22</size>
         <alignment>0x2</alignment>
         <input_file_ref idref="fl-2"/>
      </object_component>
      <object_component id="oc-287">
         <name>.text.memccpy</name>
         <load_address>0x58d6</load_address>
         <readonly>true</readonly>
         <executable>true</executable>
         <run_address>0x58d6</run_address>
         <size>0x22</size>
         <alignment>0x2</alignment>
         <input_file_ref idref="fl-3e"/>
      </object_component>
      <object_component id="oc-1e3">
         <name>.text.DL_GPIO_initPeripheralInputFunction</name>
         <load_address>0x58f8</load_address>
         <readonly>true</readonly>
         <executable>true</executable>
         <run_address>0x58f8</run_address>
         <size>0x20</size>
         <alignment>0x4</alignment>
         <input_file_ref idref="fl-2"/>
      </object_component>
      <object_component id="oc-29b">
         <name>.text.DL_UART_transmitDataBlocking</name>
         <load_address>0x5918</load_address>
         <readonly>true</readonly>
         <executable>true</executable>
         <run_address>0x5918</run_address>
         <size>0x20</size>
         <alignment>0x4</alignment>
         <input_file_ref idref="fl-1e"/>
      </object_component>
      <object_component id="oc-206">
         <name>.text.DL_UART_setOversampling</name>
         <load_address>0x5938</load_address>
         <readonly>true</readonly>
         <executable>true</executable>
         <run_address>0x5938</run_address>
         <size>0x1e</size>
         <alignment>0x2</alignment>
         <input_file_ref idref="fl-2"/>
      </object_component>
      <object_component id="oc-2d6">
         <name>.text.__ashldi3</name>
         <load_address>0x5958</load_address>
         <readonly>true</readonly>
         <executable>true</executable>
         <run_address>0x5958</run_address>
         <size>0x1e</size>
         <alignment>0x4</alignment>
         <input_file_ref idref="fl-dd"/>
      </object_component>
      <object_component id="oc-68">
         <name>.text.DL_GPIO_clearInterruptStatus</name>
         <load_address>0x5978</load_address>
         <readonly>true</readonly>
         <executable>true</executable>
         <run_address>0x5978</run_address>
         <size>0x1c</size>
         <alignment>0x4</alignment>
         <input_file_ref idref="fl-7"/>
      </object_component>
      <object_component id="oc-1ec">
         <name>.text.DL_GPIO_clearInterruptStatus</name>
         <load_address>0x5994</load_address>
         <readonly>true</readonly>
         <executable>true</executable>
         <run_address>0x5994</run_address>
         <size>0x1c</size>
         <alignment>0x4</alignment>
         <input_file_ref idref="fl-2"/>
      </object_component>
      <object_component id="oc-1ed">
         <name>.text.DL_GPIO_enableInterrupt</name>
         <load_address>0x59b0</load_address>
         <readonly>true</readonly>
         <executable>true</executable>
         <run_address>0x59b0</run_address>
         <size>0x1c</size>
         <alignment>0x4</alignment>
         <input_file_ref idref="fl-2"/>
      </object_component>
      <object_component id="oc-1e7">
         <name>.text.DL_GPIO_initDigitalInput</name>
         <load_address>0x59cc</load_address>
         <readonly>true</readonly>
         <executable>true</executable>
         <run_address>0x59cc</run_address>
         <size>0x1c</size>
         <alignment>0x4</alignment>
         <input_file_ref idref="fl-2"/>
      </object_component>
      <object_component id="oc-1e1">
         <name>.text.DL_GPIO_initPeripheralOutputFunction</name>
         <load_address>0x59e8</load_address>
         <readonly>true</readonly>
         <executable>true</executable>
         <run_address>0x59e8</run_address>
         <size>0x1c</size>
         <alignment>0x4</alignment>
         <input_file_ref idref="fl-2"/>
      </object_component>
      <object_component id="oc-1ea">
         <name>.text.DL_GPIO_setLowerPinsPolarity</name>
         <load_address>0x5a04</load_address>
         <readonly>true</readonly>
         <executable>true</executable>
         <run_address>0x5a04</run_address>
         <size>0x1c</size>
         <alignment>0x4</alignment>
         <input_file_ref idref="fl-2"/>
      </object_component>
      <object_component id="oc-1ef">
         <name>.text.DL_SYSCTL_setSYSOSCFreq</name>
         <load_address>0x5a20</load_address>
         <readonly>true</readonly>
         <executable>true</executable>
         <run_address>0x5a20</run_address>
         <size>0x1c</size>
         <alignment>0x4</alignment>
         <input_file_ref idref="fl-2"/>
      </object_component>
      <object_component id="oc-1fc">
         <name>.text.DL_Timer_enableInterrupt</name>
         <load_address>0x5a3c</load_address>
         <readonly>true</readonly>
         <executable>true</executable>
         <run_address>0x5a3c</run_address>
         <size>0x1c</size>
         <alignment>0x4</alignment>
         <input_file_ref idref="fl-2"/>
      </object_component>
      <object_component id="oc-1f6">
         <name>.text.DL_Timer_setCaptCompUpdateMethod</name>
         <load_address>0x5a58</load_address>
         <readonly>true</readonly>
         <executable>true</executable>
         <run_address>0x5a58</run_address>
         <size>0x1c</size>
         <alignment>0x4</alignment>
         <input_file_ref idref="fl-1d"/>
      </object_component>
      <object_component id="oc-1f3">
         <name>.text.DL_Timer_setClockConfig</name>
         <load_address>0x5a74</load_address>
         <readonly>true</readonly>
         <executable>true</executable>
         <run_address>0x5a74</run_address>
         <size>0x1c</size>
         <alignment>0x4</alignment>
         <input_file_ref idref="fl-1d"/>
      </object_component>
      <object_component id="oc-208">
         <name>.text.DL_UART_enableInterrupt</name>
         <load_address>0x5a90</load_address>
         <readonly>true</readonly>
         <executable>true</executable>
         <run_address>0x5a90</run_address>
         <size>0x1c</size>
         <alignment>0x4</alignment>
         <input_file_ref idref="fl-2"/>
      </object_component>
      <object_component id="oc-1e2">
         <name>.text.DL_GPIO_enableOutput</name>
         <load_address>0x5aac</load_address>
         <readonly>true</readonly>
         <executable>true</executable>
         <run_address>0x5aac</run_address>
         <size>0x18</size>
         <alignment>0x4</alignment>
         <input_file_ref idref="fl-2"/>
      </object_component>
      <object_component id="oc-1da">
         <name>.text.DL_GPIO_enablePower</name>
         <load_address>0x5ac4</load_address>
         <readonly>true</readonly>
         <executable>true</executable>
         <run_address>0x5ac4</run_address>
         <size>0x18</size>
         <alignment>0x4</alignment>
         <input_file_ref idref="fl-2"/>
      </object_component>
      <object_component id="oc-66">
         <name>.text.DL_GPIO_getEnabledInterruptStatus</name>
         <load_address>0x5adc</load_address>
         <readonly>true</readonly>
         <executable>true</executable>
         <run_address>0x5adc</run_address>
         <size>0x18</size>
         <alignment>0x4</alignment>
         <input_file_ref idref="fl-7"/>
      </object_component>
      <object_component id="oc-1e4">
         <name>.text.DL_GPIO_initDigitalOutput</name>
         <load_address>0x5af4</load_address>
         <readonly>true</readonly>
         <executable>true</executable>
         <run_address>0x5af4</run_address>
         <size>0x18</size>
         <alignment>0x4</alignment>
         <input_file_ref idref="fl-2"/>
      </object_component>
      <object_component id="oc-1d7">
         <name>.text.DL_GPIO_reset</name>
         <load_address>0x5b0c</load_address>
         <readonly>true</readonly>
         <executable>true</executable>
         <run_address>0x5b0c</run_address>
         <size>0x18</size>
         <alignment>0x4</alignment>
         <input_file_ref idref="fl-2"/>
      </object_component>
      <object_component id="oc-19b">
         <name>.text.DL_GPIO_setPins</name>
         <load_address>0x5b24</load_address>
         <readonly>true</readonly>
         <executable>true</executable>
         <run_address>0x5b24</run_address>
         <size>0x18</size>
         <alignment>0x4</alignment>
         <input_file_ref idref="fl-c"/>
      </object_component>
      <object_component id="oc-e0">
         <name>.text.DL_GPIO_setPins</name>
         <load_address>0x5b3c</load_address>
         <readonly>true</readonly>
         <executable>true</executable>
         <run_address>0x5b3c</run_address>
         <size>0x18</size>
         <alignment>0x4</alignment>
         <input_file_ref idref="fl-d"/>
      </object_component>
      <object_component id="oc-280">
         <name>.text.DL_GPIO_setPins</name>
         <load_address>0x5b54</load_address>
         <readonly>true</readonly>
         <executable>true</executable>
         <run_address>0x5b54</run_address>
         <size>0x18</size>
         <alignment>0x4</alignment>
         <input_file_ref idref="fl-e"/>
      </object_component>
      <object_component id="oc-1e9">
         <name>.text.DL_GPIO_setPins</name>
         <load_address>0x5b6c</load_address>
         <readonly>true</readonly>
         <executable>true</executable>
         <run_address>0x5b6c</run_address>
         <size>0x18</size>
         <alignment>0x4</alignment>
         <input_file_ref idref="fl-2"/>
      </object_component>
      <object_component id="oc-1eb">
         <name>.text.DL_GPIO_setUpperPinsPolarity</name>
         <load_address>0x5b84</load_address>
         <readonly>true</readonly>
         <executable>true</executable>
         <run_address>0x5b84</run_address>
         <size>0x18</size>
         <alignment>0x2</alignment>
         <input_file_ref idref="fl-2"/>
      </object_component>
      <object_component id="oc-1ee">
         <name>.text.DL_SYSCTL_setBORThreshold</name>
         <load_address>0x5b9c</load_address>
         <readonly>true</readonly>
         <executable>true</executable>
         <run_address>0x5b9c</run_address>
         <size>0x18</size>
         <alignment>0x4</alignment>
         <input_file_ref idref="fl-2"/>
      </object_component>
      <object_component id="oc-1db">
         <name>.text.DL_Timer_enablePower</name>
         <load_address>0x5bb4</load_address>
         <readonly>true</readonly>
         <executable>true</executable>
         <run_address>0x5bb4</run_address>
         <size>0x18</size>
         <alignment>0x4</alignment>
         <input_file_ref idref="fl-2"/>
      </object_component>
      <object_component id="oc-1d8">
         <name>.text.DL_Timer_reset</name>
         <load_address>0x5bcc</load_address>
         <readonly>true</readonly>
         <executable>true</executable>
         <run_address>0x5bcc</run_address>
         <size>0x18</size>
         <alignment>0x4</alignment>
         <input_file_ref idref="fl-2"/>
      </object_component>
      <object_component id="oc-1f5">
         <name>.text.DL_Timer_setCaptureCompareOutCtl</name>
         <load_address>0x5be4</load_address>
         <readonly>true</readonly>
         <executable>true</executable>
         <run_address>0x5be4</run_address>
         <size>0x18</size>
         <alignment>0x4</alignment>
[...]
      </symbol>
      <symbol id="sm-29d">
         <name>DL_Timer_setCaptureCompareValue</name>
         <value>0x5e95</value>
         <object_component_ref idref="oc-e2"/>
      </symbol>
      <symbol id="sm-29e">
         <name>DL_Timer_initPWMMode</name>
         <value>0x4025</value>
         <object_component_ref idref="oc-27d"/>
      </symbol>
      <symbol id="sm-29f">
         <name>DL_Timer_setCaptureCompareOutCtl</name>
         <value>0x5be5</value>
         <object_component_ref idref="oc-1f5"/>
      </symbol>
      <symbol id="sm-2a0">
         <name>DL_Timer_setCaptCompUpdateMethod</name>
         <value>0x5a59</value>
         <object_component_ref idref="oc-1f6"/>
      </symbol>
      <symbol id="sm-2a1">
         <name>DL_TimerA_initPWMMode</name>
         <value>0x4605</value>
         <object_component_ref idref="oc-1f4"/>
      </symbol>
      <symbol id="sm-2b1">
         <name>DL_UART_init</name>
         <value>0x5175</value>
         <object_component_ref idref="oc-205"/>
      </symbol>
      <symbol id="sm-2b2">
         <name>DL_UART_setClockConfig</name>
         <value>0x5e3d</value>
         <object_component_ref idref="oc-1ff"/>
      </symbol>
      <symbol id="sm-2b3">
         <name>DL_UART_transmitDataBlocking</name>
         <value>0x5919</value>
         <object_component_ref idref="oc-29b"/>
      </symbol>
      <symbol id="sm-2c4">
         <name>printf</name>
         <value>0x4de5</value>
         <object_component_ref idref="oc-112"/>
      </symbol>
      <symbol id="sm-30d">
         <name>__TI_printfi</name>
         <value>0xcf9</value>
         <object_component_ref idref="oc-226"/>
      </symbol>
      <symbol id="sm-31e">
         <name>sprintf</name>
         <value>0x5521</value>
         <object_component_ref idref="oc-183"/>
      </symbol>
      <symbol id="sm-333">
         <name>sscanf</name>
         <value>0x56b9</value>
         <object_component_ref idref="oc-b8"/>
      </symbol>
      <symbol id="sm-341">
         <name>frexp</name>
         <value>0x4d89</value>
         <object_component_ref idref="oc-2bd"/>
      </symbol>
      <symbol id="sm-342">
         <name>frexpl</name>
         <value>0x4d89</value>
         <object_component_ref idref="oc-2bd"/>
      </symbol>
      <symbol id="sm-34c">
         <name>scalbn</name>
         <value>0x3cdd</value>
         <object_component_ref idref="oc-255"/>
      </symbol>
      <symbol id="sm-34d">
         <name>ldexp</name>
         <value>0x3cdd</value>
         <object_component_ref idref="oc-255"/>
      </symbol>
      <symbol id="sm-34e">
         <name>scalbnl</name>
         <value>0x3cdd</value>
         <object_component_ref idref="oc-255"/>
      </symbol>
      <symbol id="sm-34f">
         <name>ldexpl</name>
         <value>0x3cdd</value>
         <object_component_ref idref="oc-255"/>
      </symbol>
      <symbol id="sm-350">
         <name>__aeabi_ctype_table_</name>
         <value>0x67f0</value>
         <object_component_ref idref="oc-1b6"/>
      </symbol>
      <symbol id="sm-351">
         <name>__aeabi_ctype_table_C</name>
         <value>0x67f0</value>
         <object_component_ref idref="oc-1b6"/>
      </symbol>
      <symbol id="sm-35c">
         <name>__aeabi_errno_addr</name>
         <value>0x5f8d</value>
         <object_component_ref idref="oc-250"/>
      </symbol>
      <symbol id="sm-35d">
         <name>__aeabi_errno</name>
         <value>0x202001ec</value>
         <object_component_ref idref="oc-2a9"/>
      </symbol>
      <symbol id="sm-366">
         <name>_nop</name>
         <value>0x445f</value>
         <object_component_ref idref="oc-227"/>
      </symbol>
      <symbol id="sm-367">
         <name>_lock</name>
         <value>0x202001f0</value>
         <object_component_ref idref="oc-190"/>
      </symbol>
      <symbol id="sm-368">
         <name>_unlock</name>
         <value>0x202001f4</value>
         <object_component_ref idref="oc-196"/>
      </symbol>
      <symbol id="sm-371">
         <name>__TI_ltoa</name>
         <value>0x4e41</value>
         <object_component_ref idref="oc-2c5"/>
      </symbol>
      <symbol id="sm-37c">
         <name>atoi</name>
         <value>0x52cd</value>
         <object_component_ref idref="oc-1b2"/>
      </symbol>
      <symbol id="sm-381">
         <name>_ftable</name>
         <value>0x20200000</value>
         <object_component_ref idref="oc-192"/>
      </symbol>
      <symbol id="sm-38a">
         <name>memccpy</name>
         <value>0x58d7</value>
         <object_component_ref idref="oc-287"/>
      </symbol>
      <symbol id="sm-395">
         <name>strlen</name>
         <value>0x5efd</value>
         <object_component_ref idref="oc-297"/>
      </symbol>
      <symbol id="sm-3a1">
         <name>_c_int00_noargs</name>
         <value>0x5841</value>
         <object_component_ref idref="oc-5f"/>
      </symbol>
      <symbol id="sm-3a2">
         <name>__stack</name>
         <value>0x20207e00</value>
         <object_component_ref idref="oc-1a"/>
      </symbol>
      <symbol id="sm-3ae">
         <name>__TI_auto_init_nobinit_nopinit</name>
         <value>0x53fd</value>
         <object_component_ref idref="oc-12f"/>
      </symbol>
      <symbol id="sm-3b6">
         <name>_system_pre_init</name>
         <value>0x5fc3</value>
         <object_component_ref idref="oc-a7"/>
      </symbol>
      <symbol id="sm-3c1">
         <name>__TI_zero_init_nomemset</name>
         <value>0x5d11</value>
         <object_component_ref idref="oc-56"/>
      </symbol>
      <symbol id="sm-3ca">
         <name>__TI_decompress_none</name>
         <value>0x5e61</value>
         <object_component_ref idref="oc-20"/>
      </symbol>
      <symbol id="sm-3d5">
         <name>__TI_decompress_lzss</name>
         <value>0x47fd</value>
         <object_component_ref idref="oc-1c"/>
      </symbol>
      <symbol id="sm-3de">
         <name>wcslen</name>
         <value>0x5ea5</value>
         <object_component_ref idref="oc-28e"/>
      </symbol>
      <symbol id="sm-405">
         <name>__TI_scanfi</name>
         <value>0xc1</value>
         <object_component_ref idref="oc-141"/>
      </symbol>
      <symbol id="sm-410">
         <name>abort</name>
         <value>0x5fc7</value>
         <object_component_ref idref="oc-128"/>
      </symbol>
      <symbol id="sm-411">
         <name>C$$EXIT</name>
         <value>0x5fc6</value>
         <object_component_ref idref="oc-128"/>
      </symbol>
      <symbol id="sm-42a">
         <name>strtod</name>
         <value>0x1bd9</value>
         <object_component_ref idref="oc-1bc"/>
      </symbol>
      <symbol id="sm-42b">
         <name>strtold</name>
         <value>0x1bd9</value>
         <object_component_ref idref="oc-1bc"/>
      </symbol>
      <symbol id="sm-436">
         <name>strtol</name>
         <value>0x2ee5</value>
         <object_component_ref idref="oc-1c7"/>
      </symbol>
      <symbol id="sm-441">
         <name>strtoll</name>
         <value>0x21b1</value>
         <object_component_ref idref="oc-1cf"/>
      </symbol>
      <symbol id="sm-44c">
         <name>strtoul</name>
         <value>0x32a5</value>
         <object_component_ref idref="oc-1c3"/>
      </symbol>
      <symbol id="sm-457">
         <name>strtoull</name>
         <value>0x2aa1</value>
         <object_component_ref idref="oc-1cb"/>
      </symbol>
      <symbol id="sm-467">
         <name>__aeabi_fadd</name>
         <value>0x3dbf</value>
         <object_component_ref idref="oc-85"/>
      </symbol>
      <symbol id="sm-468">
         <name>__addsf3</name>
         <value>0x3dbf</value>
         <object_component_ref idref="oc-85"/>
      </symbol>
      <symbol id="sm-469">
         <name>__aeabi_fsub</name>
         <value>0x3db5</value>
         <object_component_ref idref="oc-85"/>
      </symbol>
      <symbol id="sm-46a">
         <name>__subsf3</name>
         <value>0x3db5</value>
         <object_component_ref idref="oc-85"/>
      </symbol>
      <symbol id="sm-470">
         <name>__aeabi_dadd</name>
         <value>0x2917</value>
         <object_component_ref idref="oc-248"/>
      </symbol>
      <symbol id="sm-471">
         <name>__adddf3</name>
         <value>0x2917</value>
         <object_component_ref idref="oc-248"/>
      </symbol>
      <symbol id="sm-472">
         <name>__aeabi_dsub</name>
         <value>0x290d</value>
         <object_component_ref idref="oc-248"/>
      </symbol>
      <symbol id="sm-473">
         <name>__subdf3</name>
         <value>0x290d</value>
         <object_component_ref idref="oc-248"/>
      </symbol>
      <symbol id="sm-47c">
         <name>__aeabi_dmul</name>
         <value>0x3bf9</value>
         <object_component_ref idref="oc-244"/>
      </symbol>
      <symbol id="sm-47d">
         <name>__muldf3</name>
         <value>0x3bf9</value>
         <object_component_ref idref="oc-244"/>
      </symbol>
      <symbol id="sm-483">
         <name>__muldsi3</name>
         <value>0x5475</value>
         <object_component_ref idref="oc-14c"/>
      </symbol>
      <symbol id="sm-489">
         <name>__aeabi_fmul</name>
         <value>0x44f5</value>
         <object_component_ref idref="oc-cc"/>
      </symbol>
      <symbol id="sm-48a">
         <name>__mulsf3</name>
         <value>0x44f5</value>
         <object_component_ref idref="oc-cc"/>
      </symbol>
      <symbol id="sm-490">
         <name>__aeabi_ddiv</name>
         <value>0x3711</value>
         <object_component_ref idref="oc-172"/>
      </symbol>
      <symbol id="sm-491">
         <name>__divdf3</name>
         <value>0x3711</value>
         <object_component_ref idref="oc-172"/>
      </symbol>
      <symbol id="sm-497">
         <name>__aeabi_f2d</name>
         <value>0x528d</value>
         <object_component_ref idref="oc-10e"/>
      </symbol>
      <symbol id="sm-498">
         <name>__extendsfdf2</name>
         <value>0x528d</value>
         <object_component_ref idref="oc-10e"/>
      </symbol>
      <symbol id="sm-49e">
         <name>__aeabi_d2iz</name>
         <value>0x5129</value>
         <object_component_ref idref="oc-2c1"/>
      </symbol>
      <symbol id="sm-49f">
         <name>__fixdfsi</name>
         <value>0x5129</value>
         <object_component_ref idref="oc-2c1"/>
      </symbol>
      <symbol id="sm-4a5">
         <name>__aeabi_f2iz</name>
         <value>0x54e9</value>
         <object_component_ref idref="oc-89"/>
      </symbol>
      <symbol id="sm-4a6">
         <name>__fixsfsi</name>
         <value>0x54e9</value>
         <object_component_ref idref="oc-89"/>
      </symbol>
      <symbol id="sm-4ac">
         <name>__aeabi_i2d</name>
         <value>0x576d</value>
         <object_component_ref idref="oc-16e"/>
      </symbol>
      <symbol id="sm-4ad">
         <name>__floatsidf</name>
         <value>0x576d</value>
         <object_component_ref idref="oc-16e"/>
      </symbol>
      <symbol id="sm-4b3">
         <name>__aeabi_i2f</name>
         <value>0x5385</value>
         <object_component_ref idref="oc-81"/>
      </symbol>
      <symbol id="sm-4b4">
         <name>__floatsisf</name>
         <value>0x5385</value>
         <object_component_ref idref="oc-81"/>
      </symbol>
      <symbol id="sm-4ba">
         <name>__aeabi_lmul</name>
         <value>0x5891</value>
         <object_component_ref idref="oc-269"/>
      </symbol>
      <symbol id="sm-4bb">
         <name>__muldi3</name>
         <value>0x5891</value>
         <object_component_ref idref="oc-269"/>
      </symbol>
      <symbol id="sm-4c2">
         <name>__aeabi_d2f</name>
         <value>0x4881</value>
         <object_component_ref idref="oc-176"/>
      </symbol>
      <symbol id="sm-4c3">
         <name>__truncdfsf2</name>
         <value>0x4881</value>
         <object_component_ref idref="oc-176"/>
      </symbol>
      <symbol id="sm-4c9">
         <name>__aeabi_dcmpeq</name>
         <value>0x4c65</value>
         <object_component_ref idref="oc-24c"/>
      </symbol>
      <symbol id="sm-4ca">
         <name>__aeabi_dcmplt</name>
         <value>0x4c79</value>
         <object_component_ref idref="oc-24c"/>
      </symbol>
      <symbol id="sm-4cb">
         <name>__aeabi_dcmple</name>
         <value>0x4c8d</value>
         <object_component_ref idref="oc-24c"/>
      </symbol>
      <symbol id="sm-4cc">
         <name>__aeabi_dcmpge</name>
         <value>0x4ca1</value>
         <object_component_ref idref="oc-24c"/>
      </symbol>
      <symbol id="sm-4cd">
         <name>__aeabi_dcmpgt</name>
         <value>0x4cb5</value>
         <object_component_ref idref="oc-24c"/>
      </symbol>
      <symbol id="sm-4d6">
         <name>__aeabi_fcmpeq</name>
         <value>0x4cc9</value>
         <object_component_ref idref="oc-11b"/>
      </symbol>
      <symbol id="sm-4d7">
         <name>__aeabi_fcmplt</name>
         <value>0x4cdd</value>
         <object_component_ref idref="oc-11b"/>
      </symbol>
      <symbol id="sm-4d8">
         <name>__aeabi_fcmple</name>
         <value>0x4cf1</value>
         <object_component_ref idref="oc-11b"/>
      </symbol>
      <symbol id="sm-4d9">
         <name>__aeabi_fcmpge</name>
         <value>0x4d05</value>
         <object_component_ref idref="oc-11b"/>
      </symbol>
      <symbol id="sm-4da">
         <name>__aeabi_fcmpgt</name>
         <value>0x4d19</value>
         <object_component_ref idref="oc-11b"/>
      </symbol>
      <symbol id="sm-4e0">
         <name>__aeabi_idiv</name>
         <value>0x4ef1</value>
         <object_component_ref idref="oc-19c"/>
      </symbol>
      <symbol id="sm-4e1">
         <name>__aeabi_idivmod</name>
         <value>0x4ef1</value>
         <object_component_ref idref="oc-19c"/>
      </symbol>
      <symbol id="sm-4e7">
         <name>__aeabi_memcpy</name>
         <value>0x5f95</value>
         <object_component_ref idref="oc-4f"/>
      </symbol>
      <symbol id="sm-4e8">
         <name>__aeabi_memcpy4</name>
         <value>0x5f95</value>
         <object_component_ref idref="oc-4f"/>
      </symbol>
      <symbol id="sm-4e9">
         <name>__aeabi_memcpy8</name>
         <value>0x5f95</value>
         <object_component_ref idref="oc-4f"/>
      </symbol>
      <symbol id="sm-4f2">
         <name>__aeabi_memset</name>
         <value>0x5ee1</value>
         <object_component_ref idref="oc-286"/>
      </symbol>
      <symbol id="sm-4f3">
         <name>__aeabi_memset4</name>
         <value>0x5ee1</value>
         <object_component_ref idref="oc-286"/>
      </symbol>
      <symbol id="sm-4f4">
         <name>__aeabi_memset8</name>
         <value>0x5ee1</value>
         <object_component_ref idref="oc-286"/>
      </symbol>
      <symbol id="sm-4f5">
         <name>__aeabi_memclr</name>
         <value>0x4875</value>
         <object_component_ref idref="oc-a2"/>
      </symbol>
      <symbol id="sm-4f6">
         <name>__aeabi_memclr4</name>
         <value>0x4875</value>
         <object_component_ref idref="oc-a2"/>
      </symbol>
      <symbol id="sm-4f7">
         <name>__aeabi_memclr8</name>
         <value>0x4875</value>
         <object_component_ref idref="oc-a2"/>
      </symbol>
      <symbol id="sm-4fd">
         <name>__aeabi_uidiv</name>
         <value>0x524d</value>
         <object_component_ref idref="oc-25d"/>
      </symbol>
      <symbol id="sm-4fe">
         <name>__aeabi_uidivmod</name>
         <value>0x524d</value>
         <object_component_ref idref="oc-25d"/>
      </symbol>
      <symbol id="sm-504">
         <name>__aeabi_uldivmod</name>
         <value>0x5ddd</value>
         <object_component_ref idref="oc-26d"/>
      </symbol>
      <symbol id="sm-50d">
         <name>__eqsf2</name>
         <value>0x5439</value>
         <object_component_ref idref="oc-1a0"/>
      </symbol>
      <symbol id="sm-50e">
         <name>__lesf2</name>
         <value>0x5439</value>
         <object_component_ref idref="oc-1a0"/>
      </symbol>
      <symbol id="sm-50f">
         <name>__ltsf2</name>
         <value>0x5439</value>
         <object_component_ref idref="oc-1a0"/>
      </symbol>
      <symbol id="sm-510">
         <name>__nesf2</name>
         <value>0x5439</value>
         <object_component_ref idref="oc-1a0"/>
      </symbol>
      <symbol id="sm-511">
         <name>__cmpsf2</name>
         <value>0x5439</value>
         <object_component_ref idref="oc-1a0"/>
      </symbol>
      <symbol id="sm-512">
         <name>__gtsf2</name>
         <value>0x53c1</value>
         <object_component_ref idref="oc-1a5"/>
      </symbol>
      <symbol id="sm-513">
         <name>__gesf2</name>
         <value>0x53c1</value>
         <object_component_ref idref="oc-1a5"/>
      </symbol>
      <symbol id="sm-519">
         <name>__udivmoddi4</name>
         <value>0x43bd</value>
         <object_component_ref idref="oc-2b2"/>
      </symbol>
      <symbol id="sm-51f">
         <name>__aeabi_llsl</name>
         <value>0x5959</value>
         <object_component_ref idref="oc-2d6"/>
      </symbol>
      <symbol id="sm-520">
         <name>__ashldi3</name>
         <value>0x5959</value>
         <object_component_ref idref="oc-2d6"/>
      </symbol>
      <symbol id="sm-52e">
         <name>__ledf2</name>
         <value>0x4abd</value>
         <object_component_ref idref="oc-2a1"/>
      </symbol>
      <symbol id="sm-52f">
         <name>__gedf2</name>
         <value>0x4a4d</value>
         <object_component_ref idref="oc-2a7"/>
      </symbol>
      <symbol id="sm-530">
         <name>__cmpdf2</name>
         <value>0x4abd</value>
         <object_component_ref idref="oc-2a1"/>
      </symbol>
      <symbol id="sm-531">
         <name>__eqdf2</name>
         <value>0x4abd</value>
         <object_component_ref idref="oc-2a1"/>
      </symbol>
      <symbol id="sm-532">
         <name>__ltdf2</name>
         <value>0x4abd</value>
         <object_component_ref idref="oc-2a1"/>
      </symbol>
      <symbol id="sm-533">
         <name>__nedf2</name>
         <value>0x4abd</value>
         <object_component_ref idref="oc-2a1"/>
      </symbol>
      <symbol id="sm-534">
         <name>__gtdf2</name>
         <value>0x4a4d</value>
         <object_component_ref idref="oc-2a7"/>
      </symbol>
      <symbol id="sm-541">
         <name>__aeabi_idiv0</name>
         <value>0x2a9f</value>
         <object_component_ref idref="oc-232"/>
      </symbol>
      <symbol id="sm-542">
         <name>__aeabi_ldiv0</name>
         <value>0x3b0f</value>
         <object_component_ref idref="oc-2d5"/>
      </symbol>
      <symbol id="sm-54b">
         <name>TI_memcpy_small</name>
         <value>0x5e4f</value>
         <object_component_ref idref="oc-ec"/>
      </symbol>
      <symbol id="sm-554">
         <name>TI_memset_small</name>
         <value>0x5f0b</value>
         <object_component_ref idref="oc-154"/>
      </symbol>
      <symbol id="sm-555">
         <name>__TI_static_base__</name>
         <value>0x0</value>
      </symbol>
      <symbol id="sm-559">
         <name>__mpu_init</name>
         <value>0x0</value>
      </symbol>
      <symbol id="sm-55a">
         <name>_system_post_cinit</name>
         <value>0x0</value>
      </symbol>
   </symbol_table>
   <title>Link successful</title>
</link_info>
